******************************************************************************
                  TI ARM Linker PC v15.12.3                    
******************************************************************************
>> Linked Sun Sep 03 19:50:44 2017

OUTPUT FILE NAME:   <PUERTOS-E-S-BLINKY.out>
ENTRY POINT SYMBOL: "_c_int00"  address: 00000549


MEMORY CONFIGURATION

         name            origin    length      used     unused   attr    fill
----------------------  --------  ---------  --------  --------  ----  --------
  FLASH                 00000000   00040000  000006b4  0003f94c  R  X
  SRAM                  20000000   00008000  00000218  00007de8  RW X


SEGMENT ALLOCATION MAP

run origin  load origin   length   init length attrs members
----------  ----------- ---------- ----------- ----- -------
00000000    00000000    000006b8   000006b8    r-x
  00000000    00000000    0000026c   0000026c    r-- .intvecs
  0000026c    0000026c    00000420   00000420    r-x .text
  00000690    00000690    00000028   00000028    r-- .cinit
20000000    20000000    00000218   00000000    rw-
  20000000    20000000    00000200   00000000    rw- .stack
  20000200    20000200    00000018   00000000    rw- .data


SECTION ALLOCATION MAP

 output                                  attributes/
section   page    origin      length       input sections
--------  ----  ----------  ----------   ----------------
.intvecs   0    00000000    0000026c     
                  00000000    0000026c     lm4f120h5qr_startup_ccs.obj (.intvecs)

.text      0    0000026c    00000420     
                  0000026c    000000e8     main.obj (.text)
                  00000354    0000009c     rtsv7M4_T_le_v4SPD16_eabi.lib : memcpy_t2.obj (.text)
                  000003f0    0000007a                                   : memset_t2.obj (.text)
                  0000046a    00000002                                   : mpu_init.obj (.text)
                  0000046c    00000070                                   : autoinit.obj (.text)
                  000004dc    0000006a                                   : copy_decompress_rle.obj (.text)
                  00000546    00000002                                   : startup.obj (.text)
                  00000548    00000054                                   : boot.obj (.text)
                  0000059c    00000054                                   : exit.obj (.text)
                  000005f0    0000004c                                   : cpy_tbl.obj (.text)
                  0000063c    00000018                                   : args_main.obj (.text)
                  00000654    00000014                                   : _lock.obj (.text)
                  00000668    0000000e                                   : copy_decompress_none.obj (.text:decompress:none)
                  00000676    0000000c     lm4f120h5qr_startup_ccs.obj (.text)
                  00000682    00000006     rtsv7M4_T_le_v4SPD16_eabi.lib : copy_decompress_rle.obj (.text:decompress:rle24)
                  00000688    00000004                                   : pre_init.obj (.text)

.cinit     0    00000690    00000028     
                  00000690    00000016     (.cinit..data.load) [load image, compression = rle]
                  000006a6    00000002     --HOLE-- [fill = 0]
                  000006a8    00000008     (__TI_handler_table)
                  000006b0    00000008     (__TI_cinit_table)

.init_array 
*          0    00000000    00000000     UNINITIALIZED

.stack     0    20000000    00000200     UNINITIALIZED
                  20000000    00000200     --HOLE--

.data      0    20000200    00000018     UNINITIALIZED
                  20000200    0000000c     rtsv7M4_T_le_v4SPD16_eabi.lib : exit.obj (.data:$O1$$)
                  2000020c    00000008                                   : _lock.obj (.data:$O1$$)
                  20000214    00000004                                   : stkdepth_vars.obj (.data)

MODULE SUMMARY

       Module                        code   ro data   rw data
       ------                        ----   -------   -------
    .\
       lm4f120h5qr_startup_ccs.obj   12     620       0      
       main.obj                      232    0         0      
    +--+-----------------------------+------+---------+---------+
       Total:                        244    620       0      
                                                             
    C:\ti\ccsv6\tools\compiler\arm_15.12.3.LTS\lib\rtsv7M4_T_le_v4SPD16_eabi.lib
       memcpy_t2.obj                 156    0         0      
       memset_t2.obj                 122    0         0      
       autoinit.obj                  112    0         0      
       copy_decompress_rle.obj       112    0         0      
       exit.obj                      84     0         12     
       boot.obj                      84     0         0      
       cpy_tbl.obj                   76     0         0      
       _lock.obj                     20     0         8      
       args_main.obj                 24     0         0      
       copy_decompress_none.obj      14     0         0      
       pre_init.obj                  4      0         0      
       stkdepth_vars.obj             0      0         4      
       mpu_init.obj                  2      0         0      
       startup.obj                   2      0         0      
    +--+-----------------------------+------+---------+---------+
       Total:                        812    0         24     
                                                             
       Stack:                        0      0         512    
       Linker Generated:             0      38        0      
    +--+-----------------------------+------+---------+---------+
       Grand Total:                  1056   658       536    


LINKER GENERATED COPY TABLES

__TI_cinit_table @ 000006b0 records: 1, size/record: 8, table size: 8
	.data: load addr=00000690, load size=00000016 bytes, run addr=20000200, run size=00000018 bytes, compression=rle


LINKER GENERATED HANDLER TABLE

__TI_handler_table @ 000006a8 records: 2, size/record: 4, table size: 8
	index: 0, handler: __TI_decompress_rle24
	index: 1, handler: __TI_decompress_none


GLOBAL SYMBOLS: SORTED ALPHABETICALLY BY Name 

address   name                           
-------   ----                           
0000059d  C$$EXIT                        
000002f7  Delay100ms                     
00000677  ResetISR                       
UNDEFED   SHT$$INIT_ARRAY$$Base          
UNDEFED   SHT$$INIT_ARRAY$$Limit         
20000200  __STACK_END                    
00000200  __STACK_SIZE                   
20000200  __STACK_TOP                    
000006b0  __TI_CINIT_Base                
000006b8  __TI_CINIT_Limit               
000006a8  __TI_Handler_Table_Base        
000006b0  __TI_Handler_Table_Limit       
0000046d  __TI_auto_init                 
20000200  __TI_cleanup_ptr               
00000669  __TI_decompress_none           
00000683  __TI_decompress_rle24          
20000204  __TI_dtors_ptr                 
20000208  __TI_enable_exit_profile_output
ffffffff  __TI_pprof_out_hndl            
ffffffff  __TI_prof_data_size            
ffffffff  __TI_prof_data_start           
00000000  __TI_static_base__             
000003f1  __aeabi_memclr                 
000003f1  __aeabi_memclr4                
000003f1  __aeabi_memclr8                
00000355  __aeabi_memcpy                 
00000355  __aeabi_memcpy4                
00000355  __aeabi_memcpy8                
000003f3  __aeabi_memset                 
000003f3  __aeabi_memset4                
000003f3  __aeabi_memset8                
ffffffff  __binit__                      
ffffffff  __c_args__                     
0000046b  __mpu_init                     
20000000  __stack                        
0000063d  _args_main                     
00000549  _c_int00                       
2000020c  _lock                          
00000663  _nop                           
0000065b  _register_lock                 
00000655  _register_unlock               
00000547  _system_post_cinit             
00000689  _system_pre_init               
20000210  _unlock                        
000005a1  abort                          
ffffffff  binit                          
000005f1  copy_in                        
000005a9  exit                           
00000000  g_pfnVectors                   
0000026d  main                           
20000214  main_func_sp                   
00000355  memcpy                         
000003f9  memset                         


GLOBAL SYMBOLS: SORTED BY Symbol Address 

address   name                           
-------   ----                           
00000000  __TI_static_base__             
00000000  g_pfnVectors                   
00000200  __STACK_SIZE                   
0000026d  main                           
000002f7  Delay100ms                     
00000355  __aeabi_memcpy                 
00000355  __aeabi_memcpy4                
00000355  __aeabi_memcpy8                
00000355  memcpy                         
000003f1  __aeabi_memclr                 
000003f1  __aeabi_memclr4                
000003f1  __aeabi_memclr8                
000003f3  __aeabi_memset                 
000003f3  __aeabi_memset4                
000003f3  __aeabi_memset8                
000003f9  memset                         
0000046b  __mpu_init                     
0000046d  __TI_auto_init                 
00000547  _system_post_cinit             
00000549  _c_int00                       
0000059d  C$$EXIT                        
000005a1  abort                          
000005a9  exit                           
000005f1  copy_in                        
0000063d  _args_main                     
00000655  _register_unlock               
0000065b  _register_lock                 
00000663  _nop                           
00000669  __TI_decompress_none           
00000677  ResetISR                       
00000683  __TI_decompress_rle24          
00000689  _system_pre_init               
000006a8  __TI_Handler_Table_Base        
000006b0  __TI_CINIT_Base                
000006b0  __TI_Handler_Table_Limit       
000006b8  __TI_CINIT_Limit               
20000000  __stack                        
20000200  __STACK_END                    
20000200  __STACK_TOP                    
20000200  __TI_cleanup_ptr               
20000204  __TI_dtors_ptr                 
20000208  __TI_enable_exit_profile_output
2000020c  _lock                          
20000210  _unlock                        
20000214  main_func_sp                   
ffffffff  __TI_pprof_out_hndl            
ffffffff  __TI_prof_data_size            
ffffffff  __TI_prof_data_start           
ffffffff  __binit__                      
ffffffff  __c_args__                     
ffffffff  binit                          
UNDEFED   SHT$$INIT_ARRAY$$Base          
UNDEFED   SHT$$INIT_ARRAY$$Limit         

[53 symbols]
