******************************************************************************
                  TI ARM Linker PC v15.12.3                    
******************************************************************************
>> Linked Sun Nov 05 02:31:56 2017

OUTPUT FILE NAME:   <LAB4-P2.out>
ENTRY POINT SYMBOL: "_c_int00"  address: 0000084d


MEMORY CONFIGURATION

         name            origin    length      used     unused   attr    fill
----------------------  --------  ---------  --------  --------  ----  --------
  FLASH                 00000000   00040000  000009b8  0003f648  R  X
  SRAM                  20000000   00008000  00000218  00007de8  RW X


SEGMENT ALLOCATION MAP

run origin  load origin   length   init length attrs members
----------  ----------- ---------- ----------- ----- -------
00000000    00000000    000009b8   000009b8    r-x
  00000000    00000000    0000026c   0000026c    r-- .intvecs
  0000026c    0000026c    00000724   00000724    r-x .text
  00000990    00000990    00000028   00000028    r-- .cinit
20000000    20000000    00000218   00000000    rw-
  20000000    20000000    00000200   00000000    rw- .stack
  20000200    20000200    00000018   00000000    rw- .data


SECTION ALLOCATION MAP

 output                                  attributes/
section   page    origin      length       input sections
--------  ----  ----------  ----------   ----------------
.intvecs   0    00000000    0000026c     
                  00000000    0000026c     tm4c123gh6pm_startup_ccs.obj (.intvecs)

.text      0    0000026c    00000724     
                  0000026c    000003ec     main.obj (.text)
                  00000658    0000009c     rtsv7M4_T_le_v4SPD16_eabi.lib : memcpy_t2.obj (.text)
                  000006f4    0000007a                                   : memset_t2.obj (.text)
                  0000076e    00000002                                   : mpu_init.obj (.text)
                  00000770    00000070                                   : autoinit.obj (.text)
                  000007e0    0000006a                                   : copy_decompress_rle.obj (.text)
                  0000084a    00000002                                   : startup.obj (.text)
                  0000084c    00000054                                   : boot.obj (.text)
                  000008a0    00000054                                   : exit.obj (.text)
                  000008f4    0000004c                                   : cpy_tbl.obj (.text)
                  00000940    00000018                                   : args_main.obj (.text)
                  00000958    00000014                                   : _lock.obj (.text)
                  0000096c    0000000e                                   : copy_decompress_none.obj (.text:decompress:none)
                  0000097a    0000000c     tm4c123gh6pm_startup_ccs.obj (.text)
                  00000986    00000006     rtsv7M4_T_le_v4SPD16_eabi.lib : copy_decompress_rle.obj (.text:decompress:rle24)
                  0000098c    00000004                                   : pre_init.obj (.text)

.cinit     0    00000990    00000028     
                  00000990    00000016     (.cinit..data.load) [load image, compression = rle]
                  000009a6    00000002     --HOLE-- [fill = 0]
                  000009a8    00000008     (__TI_handler_table)
                  000009b0    00000008     (__TI_cinit_table)

.init_array 
*          0    00000000    00000000     UNINITIALIZED

.stack     0    20000000    00000200     UNINITIALIZED
                  20000000    00000200     --HOLE--

.data      0    20000200    00000018     UNINITIALIZED
                  20000200    0000000c     rtsv7M4_T_le_v4SPD16_eabi.lib : exit.obj (.data:$O1$$)
                  2000020c    00000008                                   : _lock.obj (.data:$O1$$)
                  20000214    00000004                                   : stkdepth_vars.obj (.data)

MODULE SUMMARY

       Module                         code   ro data   rw data
       ------                         ----   -------   -------
    .\
       main.obj                       1004   0         0      
       tm4c123gh6pm_startup_ccs.obj   12     620       0      
    +--+------------------------------+------+---------+---------+
       Total:                         1016   620       0      
                                                              
    C:\ti\ccsv6\tools\compiler\arm_15.12.3.LTS\lib\rtsv7M4_T_le_v4SPD16_eabi.lib
       memcpy_t2.obj                  156    0         0      
       memset_t2.obj                  122    0         0      
       autoinit.obj                   112    0         0      
       copy_decompress_rle.obj        112    0         0      
       exit.obj                       84     0         12     
       boot.obj                       84     0         0      
       cpy_tbl.obj                    76     0         0      
       _lock.obj                      20     0         8      
       args_main.obj                  24     0         0      
       copy_decompress_none.obj       14     0         0      
       pre_init.obj                   4      0         0      
       stkdepth_vars.obj              0      0         4      
       mpu_init.obj                   2      0         0      
       startup.obj                    2      0         0      
    +--+------------------------------+------+---------+---------+
       Total:                         812    0         24     
                                                              
       Stack:                         0      0         512    
       Linker Generated:              0      38        0      
    +--+------------------------------+------+---------+---------+
       Grand Total:                   1828   658       536    


LINKER GENERATED COPY TABLES

__TI_cinit_table @ 000009b0 records: 1, size/record: 8, table size: 8
	.data: load addr=00000990, load size=00000016 bytes, run addr=20000200, run size=00000018 bytes, compression=rle


LINKER GENERATED HANDLER TABLE

__TI_handler_table @ 000009a8 records: 2, size/record: 4, table size: 8
	index: 0, handler: __TI_decompress_rle24
	index: 1, handler: __TI_decompress_none


GLOBAL SYMBOLS: SORTED ALPHABETICALLY BY Name 

address   name                           
-------   ----                           
000008a1  C$$EXIT                        
0000040b  CuentaValor                    
0000097b  ResetISR                       
UNDEFED   SHT$$INIT_ARRAY$$Base          
UNDEFED   SHT$$INIT_ARRAY$$Limit         
20000200  __STACK_END                    
00000200  __STACK_SIZE                   
20000200  __STACK_TOP                    
000009b0  __TI_CINIT_Base                
000009b8  __TI_CINIT_Limit               
000009a8  __TI_Handler_Table_Base        
000009b0  __TI_Handler_Table_Limit       
00000771  __TI_auto_init                 
20000200  __TI_cleanup_ptr               
0000096d  __TI_decompress_none           
00000987  __TI_decompress_rle24          
20000204  __TI_dtors_ptr                 
20000208  __TI_enable_exit_profile_output
ffffffff  __TI_pprof_out_hndl            
ffffffff  __TI_prof_data_size            
ffffffff  __TI_prof_data_start           
00000000  __TI_static_base__             
000006f5  __aeabi_memclr                 
000006f5  __aeabi_memclr4                
000006f5  __aeabi_memclr8                
00000659  __aeabi_memcpy                 
00000659  __aeabi_memcpy4                
00000659  __aeabi_memcpy8                
000006f7  __aeabi_memset                 
000006f7  __aeabi_memset4                
000006f7  __aeabi_memset8                
ffffffff  __binit__                      
ffffffff  __c_args__                     
0000076f  __mpu_init                     
20000000  __stack                        
00000941  _args_main                     
0000084d  _c_int00                       
2000020c  _lock                          
00000967  _nop                           
0000095f  _register_lock                 
00000959  _register_unlock               
0000084b  _system_post_cinit             
0000098d  _system_pre_init               
20000210  _unlock                        
000008a5  abort                          
ffffffff  binit                          
00000331  configTimer                    
0000026d  config_UART1                   
00000355  config_salida                  
000002f5  config_sw                      
000008f5  copy_in                        
00000485  envianumero                    
000008ad  exit                           
00000000  g_pfnVectors                   
00000551  main                           
20000214  main_func_sp                   
00000659  memcpy                         
000006fd  memset                         
000003a9  rxcar_uart1                    
0000041f  rxnumero                       
00000391  txcar_uart1                    
000003c5  txmens                         


GLOBAL SYMBOLS: SORTED BY Symbol Address 

address   name                           
-------   ----                           
00000000  __TI_static_base__             
00000000  g_pfnVectors                   
00000200  __STACK_SIZE                   
0000026d  config_UART1                   
000002f5  config_sw                      
00000331  configTimer                    
00000355  config_salida                  
00000391  txcar_uart1                    
000003a9  rxcar_uart1                    
000003c5  txmens                         
0000040b  CuentaValor                    
0000041f  rxnumero                       
00000485  envianumero                    
00000551  main                           
00000659  __aeabi_memcpy                 
00000659  __aeabi_memcpy4                
00000659  __aeabi_memcpy8                
00000659  memcpy                         
000006f5  __aeabi_memclr                 
000006f5  __aeabi_memclr4                
000006f5  __aeabi_memclr8                
000006f7  __aeabi_memset                 
000006f7  __aeabi_memset4                
000006f7  __aeabi_memset8                
000006fd  memset                         
0000076f  __mpu_init                     
00000771  __TI_auto_init                 
0000084b  _system_post_cinit             
0000084d  _c_int00                       
000008a1  C$$EXIT                        
000008a5  abort                          
000008ad  exit                           
000008f5  copy_in                        
00000941  _args_main                     
00000959  _register_unlock               
0000095f  _register_lock                 
00000967  _nop                           
0000096d  __TI_decompress_none           
0000097b  ResetISR                       
00000987  __TI_decompress_rle24          
0000098d  _system_pre_init               
000009a8  __TI_Handler_Table_Base        
000009b0  __TI_CINIT_Base                
000009b0  __TI_Handler_Table_Limit       
000009b8  __TI_CINIT_Limit               
20000000  __stack                        
20000200  __STACK_END                    
20000200  __STACK_TOP                    
20000200  __TI_cleanup_ptr               
20000204  __TI_dtors_ptr                 
20000208  __TI_enable_exit_profile_output
2000020c  _lock                          
20000210  _unlock                        
20000214  main_func_sp                   
ffffffff  __TI_pprof_out_hndl            
ffffffff  __TI_prof_data_size            
ffffffff  __TI_prof_data_start           
ffffffff  __binit__                      
ffffffff  __c_args__                     
ffffffff  binit                          
UNDEFED   SHT$$INIT_ARRAY$$Base          
UNDEFED   SHT$$INIT_ARRAY$$Limit         

[62 symbols]
