******************************************************************************
                  TI ARM Linker PC v15.12.3                    
******************************************************************************
>> Linked Tue Oct 31 11:57:46 2017

OUTPUT FILE NAME:   <LAB FINAL A.out>
ENTRY POINT SYMBOL: "_c_int00"  address: 000008a9


MEMORY CONFIGURATION

         name            origin    length      used     unused   attr    fill
----------------------  --------  ---------  --------  --------  ----  --------
  FLASH                 00000000   00040000  00000a46  0003f5ba  R  X
  SRAM                  20000000   00008000  00000218  00007de8  RW X


SEGMENT ALLOCATION MAP

run origin  load origin   length   init length attrs members
----------  ----------- ---------- ----------- ----- -------
00000000    00000000    00000a48   00000a48    r-x
  00000000    00000000    0000026c   0000026c    r-- .intvecs
  0000026c    0000026c    00000780   00000780    r-x .text
  000009ec    000009ec    00000032   00000032    r-- .const
  00000a20    00000a20    00000028   00000028    r-- .cinit
20000000    20000000    00000218   00000000    rw-
  20000000    20000000    00000200   00000000    rw- .stack
  20000200    20000200    00000018   00000000    rw- .data


SECTION ALLOCATION MAP

 output                                  attributes/
section   page    origin      length       input sections
--------  ----  ----------  ----------   ----------------
.intvecs   0    00000000    0000026c     
                  00000000    0000026c     tm4c123gh6pm_startup_ccs.obj (.intvecs)

.text      0    0000026c    00000780     
                  0000026c    00000448     main.obj (.text)
                  000006b4    0000009c     rtsv7M4_T_le_v4SPD16_eabi.lib : memcpy_t2.obj (.text)
                  00000750    0000007a                                   : memset_t2.obj (.text)
                  000007ca    00000002                                   : mpu_init.obj (.text)
                  000007cc    00000070                                   : autoinit.obj (.text)
                  0000083c    0000006a                                   : copy_decompress_rle.obj (.text)
                  000008a6    00000002                                   : startup.obj (.text)
                  000008a8    00000054                                   : boot.obj (.text)
                  000008fc    00000054                                   : exit.obj (.text)
                  00000950    0000004c                                   : cpy_tbl.obj (.text)
                  0000099c    00000018                                   : args_main.obj (.text)
                  000009b4    00000014                                   : _lock.obj (.text)
                  000009c8    0000000e                                   : copy_decompress_none.obj (.text:decompress:none)
                  000009d6    0000000c     tm4c123gh6pm_startup_ccs.obj (.text)
                  000009e2    00000006     rtsv7M4_T_le_v4SPD16_eabi.lib : copy_decompress_rle.obj (.text:decompress:rle24)
                  000009e8    00000004                                   : pre_init.obj (.text)

.const     0    000009ec    00000032     
                  000009ec    00000032     main.obj (.const:.string:$P$T0$1)

.cinit     0    00000a20    00000028     
                  00000a20    00000016     (.cinit..data.load) [load image, compression = rle]
                  00000a36    00000002     --HOLE-- [fill = 0]
                  00000a38    00000008     (__TI_handler_table)
                  00000a40    00000008     (__TI_cinit_table)

.init_array 
*          0    00000000    00000000     UNINITIALIZED

.stack     0    20000000    00000200     UNINITIALIZED
                  20000000    00000200     --HOLE--

.data      0    20000200    00000018     UNINITIALIZED
                  20000200    0000000c     rtsv7M4_T_le_v4SPD16_eabi.lib : exit.obj (.data:$O1$$)
                  2000020c    00000008                                   : _lock.obj (.data:$O1$$)
                  20000214    00000004                                   : stkdepth_vars.obj (.data)

MODULE SUMMARY

       Module                         code   ro data   rw data
       ------                         ----   -------   -------
    .\
       main.obj                       1096   50        0      
       tm4c123gh6pm_startup_ccs.obj   12     620       0      
    +--+------------------------------+------+---------+---------+
       Total:                         1108   670       0      
                                                              
    C:\ti\ccsv6\tools\compiler\arm_15.12.3.LTS\lib\rtsv7M4_T_le_v4SPD16_eabi.lib
       memcpy_t2.obj                  156    0         0      
       memset_t2.obj                  122    0         0      
       autoinit.obj                   112    0         0      
       copy_decompress_rle.obj        112    0         0      
       exit.obj                       84     0         12     
       boot.obj                       84     0         0      
       cpy_tbl.obj                    76     0         0      
       _lock.obj                      20     0         8      
       args_main.obj                  24     0         0      
       copy_decompress_none.obj       14     0         0      
       pre_init.obj                   4      0         0      
       stkdepth_vars.obj              0      0         4      
       mpu_init.obj                   2      0         0      
       startup.obj                    2      0         0      
    +--+------------------------------+------+---------+---------+
       Total:                         812    0         24     
                                                              
       Stack:                         0      0         512    
       Linker Generated:              0      38        0      
    +--+------------------------------+------+---------+---------+
       Grand Total:                   1920   708       536    


LINKER GENERATED COPY TABLES

__TI_cinit_table @ 00000a40 records: 1, size/record: 8, table size: 8
	.data: load addr=00000a20, load size=00000016 bytes, run addr=20000200, run size=00000018 bytes, compression=rle


LINKER GENERATED HANDLER TABLE

__TI_handler_table @ 00000a38 records: 2, size/record: 4, table size: 8
	index: 0, handler: __TI_decompress_rle24
	index: 1, handler: __TI_decompress_none


GLOBAL SYMBOLS: SORTED ALPHABETICALLY BY Name 

address   name                           
-------   ----                           
000008fd  C$$EXIT                        
00000383  PWM_OUT                        
000009d7  ResetISR                       
UNDEFED   SHT$$INIT_ARRAY$$Base          
UNDEFED   SHT$$INIT_ARRAY$$Limit         
20000200  __STACK_END                    
00000200  __STACK_SIZE                   
20000200  __STACK_TOP                    
00000a40  __TI_CINIT_Base                
00000a48  __TI_CINIT_Limit               
00000a38  __TI_Handler_Table_Base        
00000a40  __TI_Handler_Table_Limit       
000007cd  __TI_auto_init                 
20000200  __TI_cleanup_ptr               
000009c9  __TI_decompress_none           
000009e3  __TI_decompress_rle24          
20000204  __TI_dtors_ptr                 
20000208  __TI_enable_exit_profile_output
ffffffff  __TI_pprof_out_hndl            
ffffffff  __TI_prof_data_size            
ffffffff  __TI_prof_data_start           
00000000  __TI_static_base__             
00000751  __aeabi_memclr                 
00000751  __aeabi_memclr4                
00000751  __aeabi_memclr8                
000006b5  __aeabi_memcpy                 
000006b5  __aeabi_memcpy4                
000006b5  __aeabi_memcpy8                
00000753  __aeabi_memset                 
00000753  __aeabi_memset4                
00000753  __aeabi_memset8                
ffffffff  __binit__                      
ffffffff  __c_args__                     
000007cb  __mpu_init                     
20000000  __stack                        
0000099d  _args_main                     
000008a9  _c_int00                       
2000020c  _lock                          
000009c3  _nop                           
000009bb  _register_lock                 
000009b5  _register_unlock               
000008a7  _system_post_cinit             
000009e9  _system_pre_init               
20000210  _unlock                        
00000901  abort                          
ffffffff  binit                          
000002f5  config_PWM                     
0000026d  config_UART1                   
00000951  copy_in                        
00000909  exit                           
00000000  g_pfnVectors                   
00000509  main                           
20000214  main_func_sp                   
000006b5  memcpy                         
00000759  memset                         
00000415  rxcar_uart1                    
00000477  rxmens_uart0                   
000003fd  txcar_uart1                    
00000431  txmens_uart0                   


GLOBAL SYMBOLS: SORTED BY Symbol Address 

address   name                           
-------   ----                           
00000000  __TI_static_base__             
00000000  g_pfnVectors                   
00000200  __STACK_SIZE                   
0000026d  config_UART1                   
000002f5  config_PWM                     
00000383  PWM_OUT                        
000003fd  txcar_uart1                    
00000415  rxcar_uart1                    
00000431  txmens_uart0                   
00000477  rxmens_uart0                   
00000509  main                           
000006b5  __aeabi_memcpy                 
000006b5  __aeabi_memcpy4                
000006b5  __aeabi_memcpy8                
000006b5  memcpy                         
00000751  __aeabi_memclr                 
00000751  __aeabi_memclr4                
00000751  __aeabi_memclr8                
00000753  __aeabi_memset                 
00000753  __aeabi_memset4                
00000753  __aeabi_memset8                
00000759  memset                         
000007cb  __mpu_init                     
000007cd  __TI_auto_init                 
000008a7  _system_post_cinit             
000008a9  _c_int00                       
000008fd  C$$EXIT                        
00000901  abort                          
00000909  exit                           
00000951  copy_in                        
0000099d  _args_main                     
000009b5  _register_unlock               
000009bb  _register_lock                 
000009c3  _nop                           
000009c9  __TI_decompress_none           
000009d7  ResetISR                       
000009e3  __TI_decompress_rle24          
000009e9  _system_pre_init               
00000a38  __TI_Handler_Table_Base        
00000a40  __TI_CINIT_Base                
00000a40  __TI_Handler_Table_Limit       
00000a48  __TI_CINIT_Limit               
20000000  __stack                        
20000200  __STACK_END                    
20000200  __STACK_TOP                    
20000200  __TI_cleanup_ptr               
20000204  __TI_dtors_ptr                 
20000208  __TI_enable_exit_profile_output
2000020c  _lock                          
20000210  _unlock                        
20000214  main_func_sp                   
ffffffff  __TI_pprof_out_hndl            
ffffffff  __TI_prof_data_size            
ffffffff  __TI_prof_data_start           
ffffffff  __binit__                      
ffffffff  __c_args__                     
ffffffff  binit                          
UNDEFED   SHT$$INIT_ARRAY$$Base          
UNDEFED   SHT$$INIT_ARRAY$$Limit         

[59 symbols]
