******************************************************************************
                  TI ARM Linker PC v15.12.3                    
******************************************************************************
>> Linked Sun Mar 19 12:31:04 2017

OUTPUT FILE NAME:   <PROYECTO_PROB.out>
ENTRY POINT SYMBOL: "_c_int00"  address: 00000535


MEMORY CONFIGURATION

         name            origin    length      used     unused   attr    fill
----------------------  --------  ---------  --------  --------  ----  --------
  FLASH                 00000000   00040000  000006b4  0003f94c  R  X
  SRAM                  20000000   00008000  0000021c  00007de4  RW X


SEGMENT ALLOCATION MAP

run origin  load origin   length   init length attrs members
----------  ----------- ---------- ----------- ----- -------
00000000    00000000    000006b4   000006b4    r-x
  00000000    00000000    0000026c   0000026c    r-- .intvecs
  0000026c    0000026c    0000040c   0000040c    r-x .text
  00000678    00000678    0000003c   0000003c    r-- .cinit
20000000    20000000    0000021c   00000000    rw-
  20000000    20000000    00000200   00000000    rw- .stack
  20000200    20000200    00000018   00000000    rw- .data
  20000218    20000218    00000004   00000000    rw- .bss


SECTION ALLOCATION MAP

 output                                  attributes/
section   page    origin      length       input sections
--------  ----  ----------  ----------   ----------------
.intvecs   0    00000000    0000026c     
                  00000000    0000026c     tm4c123gh6pm_startup_ccs.obj (.intvecs)

.text      0    0000026c    0000040c     
                  0000026c    000000d4     main.obj (.text)
                  00000340    0000009c     rtsv7M4_T_le_v4SPD16_eabi.lib : memcpy_t2.obj (.text)
                  000003dc    0000007a                                   : memset_t2.obj (.text)
                  00000456    00000002                                   : mpu_init.obj (.text)
                  00000458    00000070                                   : autoinit.obj (.text)
                  000004c8    0000006a                                   : copy_decompress_rle.obj (.text)
                  00000532    00000002                                   : startup.obj (.text)
                  00000534    00000054                                   : boot.obj (.text)
                  00000588    00000054                                   : exit.obj (.text)
                  000005dc    0000004c                                   : cpy_tbl.obj (.text)
                  00000628    00000018                                   : args_main.obj (.text)
                  00000640    00000014                                   : _lock.obj (.text)
                  00000654    0000000e                                   : copy_decompress_none.obj (.text:decompress:none)
                  00000662    0000000c     tm4c123gh6pm_startup_ccs.obj (.text)
                  0000066e    00000006     rtsv7M4_T_le_v4SPD16_eabi.lib : copy_decompress_rle.obj (.text:decompress:rle24)
                  00000674    00000004                                   : pre_init.obj (.text)

.cinit     0    00000678    0000003c     
                  00000678    00000016     (.cinit..data.load) [load image, compression = rle]
                  0000068e    00000002     --HOLE-- [fill = 0]
                  00000690    00000009     (.cinit..bss.load) [load image, compression = rle]
                  00000699    00000003     --HOLE-- [fill = 0]
                  0000069c    00000008     (__TI_handler_table)
                  000006a4    00000010     (__TI_cinit_table)

.init_array 
*          0    00000000    00000000     UNINITIALIZED

.stack     0    20000000    00000200     UNINITIALIZED
                  20000000    00000200     --HOLE--

.data      0    20000200    00000018     UNINITIALIZED
                  20000200    0000000c     rtsv7M4_T_le_v4SPD16_eabi.lib : exit.obj (.data:$O1$$)
                  2000020c    00000008                                   : _lock.obj (.data:$O1$$)
                  20000214    00000004                                   : stkdepth_vars.obj (.data)

.bss       0    20000218    00000004     UNINITIALIZED
                  20000218    00000004     (.common:In)

MODULE SUMMARY

       Module                         code   ro data   rw data
       ------                         ----   -------   -------
    .\
       tm4c123gh6pm_startup_ccs.obj   12     620       0      
       main.obj                       212    0         4      
    +--+------------------------------+------+---------+---------+
       Total:                         224    620       4      
                                                              
    C:\ti\ccsv6\tools\compiler\arm_15.12.3.LTS\lib\rtsv7M4_T_le_v4SPD16_eabi.lib
       memcpy_t2.obj                  156    0         0      
       memset_t2.obj                  122    0         0      
       autoinit.obj                   112    0         0      
       copy_decompress_rle.obj        112    0         0      
       exit.obj                       84     0         12     
       boot.obj                       84     0         0      
       cpy_tbl.obj                    76     0         0      
       _lock.obj                      20     0         8      
       args_main.obj                  24     0         0      
       copy_decompress_none.obj       14     0         0      
       pre_init.obj                   4      0         0      
       stkdepth_vars.obj              0      0         4      
       mpu_init.obj                   2      0         0      
       startup.obj                    2      0         0      
    +--+------------------------------+------+---------+---------+
       Total:                         812    0         24     
                                                              
       Stack:                         0      0         512    
       Linker Generated:              0      55        0      
    +--+------------------------------+------+---------+---------+
       Grand Total:                   1036   675       540    


LINKER GENERATED COPY TABLES

__TI_cinit_table @ 000006a4 records: 2, size/record: 8, table size: 16
	.data: load addr=00000678, load size=00000016 bytes, run addr=20000200, run size=00000018 bytes, compression=rle
	.bss: load addr=00000690, load size=00000009 bytes, run addr=20000218, run size=00000004 bytes, compression=rle


LINKER GENERATED HANDLER TABLE

__TI_handler_table @ 0000069c records: 2, size/record: 4, table size: 8
	index: 0, handler: __TI_decompress_rle24
	index: 1, handler: __TI_decompress_none


GLOBAL SYMBOLS: SORTED ALPHABETICALLY BY Name 

address   name                           
-------   ----                           
00000589  C$$EXIT                        
000002ef  Delay                          
UNDEFED   EnableInterrupts               
20000218  In                             
000002a7  PortF_Init                     
00000663  ResetISR                       
UNDEFED   SHT$$INIT_ARRAY$$Base          
UNDEFED   SHT$$INIT_ARRAY$$Limit         
20000200  __STACK_END                    
00000200  __STACK_SIZE                   
20000200  __STACK_TOP                    
000006a4  __TI_CINIT_Base                
000006b4  __TI_CINIT_Limit               
0000069c  __TI_Handler_Table_Base        
000006a4  __TI_Handler_Table_Limit       
00000459  __TI_auto_init                 
20000200  __TI_cleanup_ptr               
00000655  __TI_decompress_none           
0000066f  __TI_decompress_rle24          
20000204  __TI_dtors_ptr                 
20000208  __TI_enable_exit_profile_output
ffffffff  __TI_pprof_out_hndl            
ffffffff  __TI_prof_data_size            
ffffffff  __TI_prof_data_start           
00000000  __TI_static_base__             
000003dd  __aeabi_memclr                 
000003dd  __aeabi_memclr4                
000003dd  __aeabi_memclr8                
00000341  __aeabi_memcpy                 
00000341  __aeabi_memcpy4                
00000341  __aeabi_memcpy8                
000003df  __aeabi_memset                 
000003df  __aeabi_memset4                
000003df  __aeabi_memset8                
ffffffff  __binit__                      
ffffffff  __c_args__                     
00000457  __mpu_init                     
20000000  __stack                        
00000629  _args_main                     
00000535  _c_int00                       
2000020c  _lock                          
0000064f  _nop                           
00000647  _register_lock                 
00000641  _register_unlock               
00000533  _system_post_cinit             
00000675  _system_pre_init               
20000210  _unlock                        
0000058d  abort                          
ffffffff  binit                          
000005dd  copy_in                        
00000595  exit                           
00000000  g_pfnVectors                   
0000026d  main                           
20000214  main_func_sp                   
00000341  memcpy                         
000003e5  memset                         


GLOBAL SYMBOLS: SORTED BY Symbol Address 

address   name                           
-------   ----                           
00000000  __TI_static_base__             
00000000  g_pfnVectors                   
00000200  __STACK_SIZE                   
0000026d  main                           
000002a7  PortF_Init                     
000002ef  Delay                          
00000341  __aeabi_memcpy                 
00000341  __aeabi_memcpy4                
00000341  __aeabi_memcpy8                
00000341  memcpy                         
000003dd  __aeabi_memclr                 
000003dd  __aeabi_memclr4                
000003dd  __aeabi_memclr8                
000003df  __aeabi_memset                 
000003df  __aeabi_memset4                
000003df  __aeabi_memset8                
000003e5  memset                         
00000457  __mpu_init                     
00000459  __TI_auto_init                 
00000533  _system_post_cinit             
00000535  _c_int00                       
00000589  C$$EXIT                        
0000058d  abort                          
00000595  exit                           
000005dd  copy_in                        
00000629  _args_main                     
00000641  _register_unlock               
00000647  _register_lock                 
0000064f  _nop                           
00000655  __TI_decompress_none           
00000663  ResetISR                       
0000066f  __TI_decompress_rle24          
00000675  _system_pre_init               
0000069c  __TI_Handler_Table_Base        
000006a4  __TI_CINIT_Base                
000006a4  __TI_Handler_Table_Limit       
000006b4  __TI_CINIT_Limit               
20000000  __stack                        
20000200  __STACK_END                    
20000200  __STACK_TOP                    
20000200  __TI_cleanup_ptr               
20000204  __TI_dtors_ptr                 
20000208  __TI_enable_exit_profile_output
2000020c  _lock                          
20000210  _unlock                        
20000214  main_func_sp                   
20000218  In                             
ffffffff  __TI_pprof_out_hndl            
ffffffff  __TI_prof_data_size            
ffffffff  __TI_prof_data_start           
ffffffff  __binit__                      
ffffffff  __c_args__                     
ffffffff  binit                          
UNDEFED   EnableInterrupts               
UNDEFED   SHT$$INIT_ARRAY$$Base          
UNDEFED   SHT$$INIT_ARRAY$$Limit         

[56 symbols]
