******************************************************************************
                  TI ARM Linker PC v15.12.3                    
******************************************************************************
>> Linked Thu Nov 02 01:17:53 2017

OUTPUT FILE NAME:   <TAREA LAB 4.out>
ENTRY POINT SYMBOL: "_c_int00"  address: 00000a1d


MEMORY CONFIGURATION

         name            origin    length      used     unused   attr    fill
----------------------  --------  ---------  --------  --------  ----  --------
  FLASH                 00000000   00040000  00000b88  0003f478  R  X
  SRAM                  20000000   00008000  00000218  00007de8  RW X


SEGMENT ALLOCATION MAP

run origin  load origin   length   init length attrs members
----------  ----------- ---------- ----------- ----- -------
00000000    00000000    00000b88   00000b88    r-x
  00000000    00000000    0000026c   0000026c    r-- .intvecs
  0000026c    0000026c    000008f4   000008f4    r-x .text
  00000b60    00000b60    00000028   00000028    r-- .cinit
20000000    20000000    00000218   00000000    rw-
  20000000    20000000    00000200   00000000    rw- .stack
  20000200    20000200    00000018   00000000    rw- .data


SECTION ALLOCATION MAP

 output                                  attributes/
section   page    origin      length       input sections
--------  ----  ----------  ----------   ----------------
.intvecs   0    00000000    0000026c     
                  00000000    0000026c     tm4c123gh6pm_startup_ccs.obj (.intvecs)

.text      0    0000026c    000008f4     
                  0000026c    000005bc     main.obj (.text)
                  00000828    0000009c     rtsv7M4_T_le_v4SPD16_eabi.lib : memcpy_t2.obj (.text)
                  000008c4    0000007a                                   : memset_t2.obj (.text)
                  0000093e    00000002                                   : mpu_init.obj (.text)
                  00000940    00000070                                   : autoinit.obj (.text)
                  000009b0    0000006a                                   : copy_decompress_rle.obj (.text)
                  00000a1a    00000002                                   : startup.obj (.text)
                  00000a1c    00000054                                   : boot.obj (.text)
                  00000a70    00000054                                   : exit.obj (.text)
                  00000ac4    0000004c                                   : cpy_tbl.obj (.text)
                  00000b10    00000018                                   : args_main.obj (.text)
                  00000b28    00000014                                   : _lock.obj (.text)
                  00000b3c    0000000e                                   : copy_decompress_none.obj (.text:decompress:none)
                  00000b4a    0000000c     tm4c123gh6pm_startup_ccs.obj (.text)
                  00000b56    00000006     rtsv7M4_T_le_v4SPD16_eabi.lib : copy_decompress_rle.obj (.text:decompress:rle24)
                  00000b5c    00000004                                   : pre_init.obj (.text)

.cinit     0    00000b60    00000028     
                  00000b60    00000016     (.cinit..data.load) [load image, compression = rle]
                  00000b76    00000002     --HOLE-- [fill = 0]
                  00000b78    00000008     (__TI_handler_table)
                  00000b80    00000008     (__TI_cinit_table)

.init_array 
*          0    00000000    00000000     UNINITIALIZED

.stack     0    20000000    00000200     UNINITIALIZED
                  20000000    00000200     --HOLE--

.data      0    20000200    00000018     UNINITIALIZED
                  20000200    0000000c     rtsv7M4_T_le_v4SPD16_eabi.lib : exit.obj (.data:$O1$$)
                  2000020c    00000008                                   : _lock.obj (.data:$O1$$)
                  20000214    00000004                                   : stkdepth_vars.obj (.data)

MODULE SUMMARY

       Module                         code   ro data   rw data
       ------                         ----   -------   -------
    .\
       main.obj                       1468   0         0      
       tm4c123gh6pm_startup_ccs.obj   12     620       0      
    +--+------------------------------+------+---------+---------+
       Total:                         1480   620       0      
                                                              
    C:\ti\ccsv6\tools\compiler\arm_15.12.3.LTS\lib\rtsv7M4_T_le_v4SPD16_eabi.lib
       memcpy_t2.obj                  156    0         0      
       memset_t2.obj                  122    0         0      
       autoinit.obj                   112    0         0      
       copy_decompress_rle.obj        112    0         0      
       exit.obj                       84     0         12     
       boot.obj                       84     0         0      
       cpy_tbl.obj                    76     0         0      
       _lock.obj                      20     0         8      
       args_main.obj                  24     0         0      
       copy_decompress_none.obj       14     0         0      
       pre_init.obj                   4      0         0      
       stkdepth_vars.obj              0      0         4      
       mpu_init.obj                   2      0         0      
       startup.obj                    2      0         0      
    +--+------------------------------+------+---------+---------+
       Total:                         812    0         24     
                                                              
       Stack:                         0      0         512    
       Linker Generated:              0      38        0      
    +--+------------------------------+------+---------+---------+
       Grand Total:                   2292   658       536    


LINKER GENERATED COPY TABLES

__TI_cinit_table @ 00000b80 records: 1, size/record: 8, table size: 8
	.data: load addr=00000b60, load size=00000016 bytes, run addr=20000200, run size=00000018 bytes, compression=rle


LINKER GENERATED HANDLER TABLE

__TI_handler_table @ 00000b78 records: 2, size/record: 4, table size: 8
	index: 0, handler: __TI_decompress_rle24
	index: 1, handler: __TI_decompress_none


GLOBAL SYMBOLS: SORTED ALPHABETICALLY BY Name 

address   name                           
-------   ----                           
00000a71  C$$EXIT                        
00000b4b  ResetISR                       
UNDEFED   SHT$$INIT_ARRAY$$Base          
UNDEFED   SHT$$INIT_ARRAY$$Limit         
20000200  __STACK_END                    
00000200  __STACK_SIZE                   
20000200  __STACK_TOP                    
00000b80  __TI_CINIT_Base                
00000b88  __TI_CINIT_Limit               
00000b78  __TI_Handler_Table_Base        
00000b80  __TI_Handler_Table_Limit       
00000941  __TI_auto_init                 
20000200  __TI_cleanup_ptr               
00000b3d  __TI_decompress_none           
00000b57  __TI_decompress_rle24          
20000204  __TI_dtors_ptr                 
20000208  __TI_enable_exit_profile_output
ffffffff  __TI_pprof_out_hndl            
ffffffff  __TI_prof_data_size            
ffffffff  __TI_prof_data_start           
00000000  __TI_static_base__             
000008c5  __aeabi_memclr                 
000008c5  __aeabi_memclr4                
000008c5  __aeabi_memclr8                
00000829  __aeabi_memcpy                 
00000829  __aeabi_memcpy4                
00000829  __aeabi_memcpy8                
000008c7  __aeabi_memset                 
000008c7  __aeabi_memset4                
000008c7  __aeabi_memset8                
ffffffff  __binit__                      
ffffffff  __c_args__                     
0000093f  __mpu_init                     
20000000  __stack                        
00000b11  _args_main                     
00000a1d  _c_int00                       
2000020c  _lock                          
00000b37  _nop                           
00000b2f  _register_lock                 
00000b29  _register_unlock               
00000a1b  _system_post_cinit             
00000b5d  _system_pre_init               
20000210  _unlock                        
00000a75  abort                          
ffffffff  binit                          
0000026d  config_UART1                   
0000033d  config_leds                    
000002f5  config_sws                     
00000ac5  copy_in                        
00000459  envianumero                    
00000a7d  exit                           
00000000  g_pfnVectors                   
00000565  main                           
20000214  main_func_sp                   
00000829  memcpy                         
000008cd  memset                         
00000391  rxcar_uart1                    
000003f3  rxnumero                       
00000379  txcar_uart1                    
000003ad  txmens                         


GLOBAL SYMBOLS: SORTED BY Symbol Address 

address   name                           
-------   ----                           
00000000  __TI_static_base__             
00000000  g_pfnVectors                   
00000200  __STACK_SIZE                   
0000026d  config_UART1                   
000002f5  config_sws                     
0000033d  config_leds                    
00000379  txcar_uart1                    
00000391  rxcar_uart1                    
000003ad  txmens                         
000003f3  rxnumero                       
00000459  envianumero                    
00000565  main                           
00000829  __aeabi_memcpy                 
00000829  __aeabi_memcpy4                
00000829  __aeabi_memcpy8                
00000829  memcpy                         
000008c5  __aeabi_memclr                 
000008c5  __aeabi_memclr4                
000008c5  __aeabi_memclr8                
000008c7  __aeabi_memset                 
000008c7  __aeabi_memset4                
000008c7  __aeabi_memset8                
000008cd  memset                         
0000093f  __mpu_init                     
00000941  __TI_auto_init                 
00000a1b  _system_post_cinit             
00000a1d  _c_int00                       
00000a71  C$$EXIT                        
00000a75  abort                          
00000a7d  exit                           
00000ac5  copy_in                        
00000b11  _args_main                     
00000b29  _register_unlock               
00000b2f  _register_lock                 
00000b37  _nop                           
00000b3d  __TI_decompress_none           
00000b4b  ResetISR                       
00000b57  __TI_decompress_rle24          
00000b5d  _system_pre_init               
00000b78  __TI_Handler_Table_Base        
00000b80  __TI_CINIT_Base                
00000b80  __TI_Handler_Table_Limit       
00000b88  __TI_CINIT_Limit               
20000000  __stack                        
20000200  __STACK_END                    
20000200  __STACK_TOP                    
20000200  __TI_cleanup_ptr               
20000204  __TI_dtors_ptr                 
20000208  __TI_enable_exit_profile_output
2000020c  _lock                          
20000210  _unlock                        
20000214  main_func_sp                   
ffffffff  __TI_pprof_out_hndl            
ffffffff  __TI_prof_data_size            
ffffffff  __TI_prof_data_start           
ffffffff  __binit__                      
ffffffff  __c_args__                     
ffffffff  binit                          
UNDEFED   SHT$$INIT_ARRAY$$Base          
UNDEFED   SHT$$INIT_ARRAY$$Limit         

[60 symbols]
