******************************************************************************
                  TI ARM Linker PC v5.1.6                      
******************************************************************************
>> Linked Wed Jun 07 23:54:58 2017

OUTPUT FILE NAME:   <project_three.out>
ENTRY POINT SYMBOL: "_c_int00"  address: 00000df1


MEMORY CONFIGURATION

         name            origin    length      used     unused   attr    fill
----------------------  --------  ---------  --------  --------  ----  --------
  FLASH                 00000000   00040000  00000f88  0003f078  R  X
  SRAM                  20000000   00008000  00000340  00007cc0  RW X


SEGMENT ALLOCATION MAP

run origin  load origin   length   init length attrs members
----------  ----------- ---------- ----------- ----- -------
00000000    00000000    00000f88   00000f88    r-x
  00000000    00000000    0000026c   0000026c    r-- .intvecs
  0000026c    0000026c    00000ce4   00000ce4    r-x .text
  00000f50    00000f50    00000038   00000038    r-- .cinit
20000000    20000000    00000340   00000000    rw-
  20000000    20000000    00000200   00000000    rw- .stack
  20000200    20000200    00000128   00000000    rw- .bss
  20000328    20000328    00000018   00000000    rw- .data


SECTION ALLOCATION MAP

 output                                  attributes/
section   page    origin      length       input sections
--------  ----  ----------  ----------   ----------------
.intvecs   0    00000000    0000026c     
                  00000000    0000026c     tm4c123gh6pm_startup_ccs.obj (.intvecs)

.init_array 
*          0    00000000    00000000     UNINITIALIZED

.text      0    0000026c    00000ce4     
                  0000026c    000005fc     main.obj (.text)
                  00000868    000002d4     rtsv7M4_T_le_v4SPD16_eabi.lib : trgdrv.obj (.text)
                  00000b3c    0000009c                                   : memcpy_t2.obj (.text)
                  00000bd8    00000094                                   : auto_init.obj (.text)
                  00000c6c    00000078                                   : memset_t2.obj (.text)
                  00000ce4    00000060                                   : trgmsg.obj (.text)
                  00000d44    0000005e                                   : copy_decompress_rle.obj (.text)
                  00000da2    00000002     --HOLE-- [fill = 0]
                  00000da4    0000004c                                   : rand.obj (.text)
                  00000df0    00000048                                   : boot.obj (.text)
                  00000e38    00000044                                   : cpy_tbl.obj (.text)
                  00000e7c    00000044                                   : exit.obj (.text)
                  00000ec0    00000018                                   : args_main.obj (.text)
                  00000ed8    00000014                                   : _lock.obj (.text)
                  00000eec    00000014                                   : strlen.obj (.text)
                  00000f00    00000012                                   : copy_zero_init.obj (.text:decompress:ZI)
                  00000f12    00000010                                   : strcpy.obj (.text)
                  00000f22    0000000e                                   : copy_decompress_none.obj (.text:decompress:none)
                  00000f30    0000000e                                   : time.obj (.text)
                  00000f3e    0000000c     tm4c123gh6pm_startup_ccs.obj (.text)
                  00000f4a    00000006     rtsv7M4_T_le_v4SPD16_eabi.lib : copy_decompress_rle.obj (.text:decompress:rle24)

.cinit     0    00000f50    00000038     
                  00000f50    00000013     (.cinit..data.load) [load image, compression = rle]
                  00000f63    00000001     --HOLE-- [fill = 0]
                  00000f64    0000000c     (__TI_handler_table)
                  00000f70    00000008     (.cinit..bss.load) [load image, compression = zero_init]
                  00000f78    00000010     (__TI_cinit_table)

.stack     0    20000000    00000200     UNINITIALIZED
                  20000000    00000200     --HOLE--

.bss       0    20000200    00000128     UNINITIALIZED
                  20000200    00000120     rtsv7M4_T_le_v4SPD16_eabi.lib : trgmsg.obj (.bss:__CIOBUF_)
                  20000320    00000008     (.common:parmbuf)

.data      0    20000328    00000018     UNINITIALIZED
                  20000328    00000008     rtsv7M4_T_le_v4SPD16_eabi.lib : _lock.obj (.data)
                  20000330    00000008                                   : exit.obj (.data)
                  20000338    00000004                                   : rand.obj (.data)
                  2000033c    00000004                                   : stkdepth_vars.obj (.data)


LINKER GENERATED COPY TABLES

__TI_cinit_table @ 00000f78 records: 2, size/record: 8, table size: 16
	.data: load addr=00000f50, load size=00000013 bytes, run addr=20000328, run size=00000018 bytes, compression=rle
	.bss: load addr=00000f70, load size=00000008 bytes, run addr=20000200, run size=00000128 bytes, compression=zero_init


LINKER GENERATED HANDLER TABLE

__TI_handler_table @ 00000f64 records: 3, size/record: 4, table size: 12
	index: 0, handler: __TI_decompress_rle24
	index: 1, handler: __TI_decompress_none
	index: 2, handler: __TI_zero_init


GLOBAL SYMBOLS: SORTED ALPHABETICALLY BY Name 

address    name
--------   ----
00000e7d   C$$EXIT
00000d0f   C$$IO$$
00000af5   HOSTclock
00000abd   HOSTclose
00000a7f   HOSTgetenv
00000a23   HOSTlseek
000009d1   HOSTopen
00000985   HOSTread
00000927   HOSTrename
000008ed   HOSTtime
000008b5   HOSTunlink
00000869   HOSTwrite
00000f3f   ResetISR
UNDEFED    SHT$$INIT_ARRAY$$Base
UNDEFED    SHT$$INIT_ARRAY$$Limit
20000200   __CIOBUF_
20000200   __STACK_END
00000200   __STACK_SIZE
20000200   __STACK_TOP
00000f78   __TI_CINIT_Base
00000f88   __TI_CINIT_Limit
00000f64   __TI_Handler_Table_Base
00000f70   __TI_Handler_Table_Limit
00000001   __TI_args_main
00000bd9   __TI_auto_init
20000330   __TI_cleanup_ptr
00000f23   __TI_decompress_none
00000f4b   __TI_decompress_rle24
20000334   __TI_dtors_ptr
00000d13   __TI_readmsg
00000000   __TI_static_base__
00000ce5   __TI_writemsg
00000f01   __TI_zero_init
00000c6d   __aeabi_memclr
00000c6d   __aeabi_memclr4
00000c6d   __aeabi_memclr8
00000b3d   __aeabi_memcpy
00000b3d   __aeabi_memcpy4
00000b3d   __aeabi_memcpy8
00000c6f   __aeabi_memset
00000c6f   __aeabi_memset4
00000c6f   __aeabi_memset8
ffffffff   __binit__
ffffffff   __c_args__
20000000   __stack
00000ec1   _args_main
00000df1   _c_int00
20000328   _lock
00000ee7   _nop
00000edf   _register_lock
00000ed9   _register_unlock
2000032c   _unlock
00000e81   abort
ffffffff   binit
0000026d   config_leds
00000e39   copy_in
00000e89   exit
00000000   g_pfnVectors
00000583   generar_aliens
000006ed   main
2000033c   main_func_sp
00000b3d   memcpy
00000c75   memset
00000615   mostrar_leds
00000dbb   rand
00000da5   srand
00000f13   strcpy
00000eed   strlen
0000054d   systick
00000f31   time
0000046d   turn_off_led
0000038d   turn_on_led


GLOBAL SYMBOLS: SORTED BY Symbol Address 

address    name
--------   ----
00000000   __TI_static_base__
00000000   g_pfnVectors
00000001   __TI_args_main
00000200   __STACK_SIZE
0000026d   config_leds
0000038d   turn_on_led
0000046d   turn_off_led
0000054d   systick
00000583   generar_aliens
00000615   mostrar_leds
000006ed   main
00000869   HOSTwrite
000008b5   HOSTunlink
000008ed   HOSTtime
00000927   HOSTrename
00000985   HOSTread
000009d1   HOSTopen
00000a23   HOSTlseek
00000a7f   HOSTgetenv
00000abd   HOSTclose
00000af5   HOSTclock
00000b3d   __aeabi_memcpy
00000b3d   __aeabi_memcpy4
00000b3d   __aeabi_memcpy8
00000b3d   memcpy
00000bd9   __TI_auto_init
00000c6d   __aeabi_memclr
00000c6d   __aeabi_memclr4
00000c6d   __aeabi_memclr8
00000c6f   __aeabi_memset
00000c6f   __aeabi_memset4
00000c6f   __aeabi_memset8
00000c75   memset
00000ce5   __TI_writemsg
00000d0f   C$$IO$$
00000d13   __TI_readmsg
00000da5   srand
00000dbb   rand
00000df1   _c_int00
00000e39   copy_in
00000e7d   C$$EXIT
00000e81   abort
00000e89   exit
00000ec1   _args_main
00000ed9   _register_unlock
00000edf   _register_lock
00000ee7   _nop
00000eed   strlen
00000f01   __TI_zero_init
00000f13   strcpy
00000f23   __TI_decompress_none
00000f31   time
00000f3f   ResetISR
00000f4b   __TI_decompress_rle24
00000f64   __TI_Handler_Table_Base
00000f70   __TI_Handler_Table_Limit
00000f78   __TI_CINIT_Base
00000f88   __TI_CINIT_Limit
20000000   __stack
20000200   __CIOBUF_
20000200   __STACK_END
20000200   __STACK_TOP
20000328   _lock
2000032c   _unlock
20000330   __TI_cleanup_ptr
20000334   __TI_dtors_ptr
2000033c   main_func_sp
ffffffff   __binit__
ffffffff   __c_args__
ffffffff   binit
UNDEFED    SHT$$INIT_ARRAY$$Base
UNDEFED    SHT$$INIT_ARRAY$$Limit

[72 symbols]
