******************************************************************************
                  TI ARM Linker PC v15.12.3                    
******************************************************************************
>> Linked Tue Jun 20 20:26:40 2017

OUTPUT FILE NAME:   <proyecto_generar_aliens.out>
ENTRY POINT SYMBOL: "_c_int00"  address: 00000b39


MEMORY CONFIGURATION

         name            origin    length      used     unused   attr    fill
----------------------  --------  ---------  --------  --------  ----  --------
  FLASH                 00000000   00040000  00000cf4  0003f30c  R  X
  SRAM                  20000000   00008000  0000021c  00007de4  RW X


SEGMENT ALLOCATION MAP

run origin  load origin   length   init length attrs members
----------  ----------- ---------- ----------- ----- -------
00000000    00000000    00000cf4   00000cf4    r-x
  00000000    00000000    0000026c   0000026c    r-- .intvecs
  0000026c    0000026c    00000a5c   00000a5c    r-x .text
  00000cc8    00000cc8    0000002c   0000002c    r-- .cinit
20000000    20000000    0000021c   00000000    rw-
  20000000    20000000    00000200   00000000    rw- .stack
  20000200    20000200    0000001c   00000000    rw- .data


SECTION ALLOCATION MAP

 output                                  attributes/
section   page    origin      length       input sections
--------  ----  ----------  ----------   ----------------
.intvecs   0    00000000    0000026c     
                  00000000    0000026c     tm4c123gh6pm_startup_ccs.obj (.intvecs)

.text      0    0000026c    00000a5c     
                  0000026c    000006d8     main.obj (.text)
                  00000944    0000009c     rtsv7M4_T_le_v4SPD16_eabi.lib : memcpy_t2.obj (.text)
                  000009e0    0000007a                                   : memset_t2.obj (.text)
                  00000a5a    00000002                                   : mpu_init.obj (.text)
                  00000a5c    00000070                                   : autoinit.obj (.text)
                  00000acc    0000006a                                   : copy_decompress_rle.obj (.text)
                  00000b36    00000002                                   : startup.obj (.text)
                  00000b38    00000054                                   : boot.obj (.text)
                  00000b8c    00000054                                   : exit.obj (.text)
                  00000be0    0000004c                                   : cpy_tbl.obj (.text)
                  00000c2c    0000004c                                   : rand.obj (.text)
                  00000c78    00000018                                   : args_main.obj (.text)
                  00000c90    00000014                                   : _lock.obj (.text)
                  00000ca4    0000000e                                   : copy_decompress_none.obj (.text:decompress:none)
                  00000cb2    0000000c     tm4c123gh6pm_startup_ccs.obj (.text)
                  00000cbe    00000006     rtsv7M4_T_le_v4SPD16_eabi.lib : copy_decompress_rle.obj (.text:decompress:rle24)
                  00000cc4    00000004                                   : pre_init.obj (.text)

.cinit     0    00000cc8    0000002c     
                  00000cc8    00000019     (.cinit..data.load) [load image, compression = rle]
                  00000ce1    00000003     --HOLE-- [fill = 0]
                  00000ce4    00000008     (__TI_handler_table)
                  00000cec    00000008     (__TI_cinit_table)

.init_array 
*          0    00000000    00000000     UNINITIALIZED

.stack     0    20000000    00000200     UNINITIALIZED
                  20000000    00000200     --HOLE--

.data      0    20000200    0000001c     UNINITIALIZED
                  20000200    0000000c     rtsv7M4_T_le_v4SPD16_eabi.lib : exit.obj (.data:$O1$$)
                  2000020c    00000008                                   : _lock.obj (.data:$O1$$)
                  20000214    00000004                                   : rand.obj (.data)
                  20000218    00000004                                   : stkdepth_vars.obj (.data)

MODULE SUMMARY

       Module                         code   ro data   rw data
       ------                         ----   -------   -------
    .\
       main.obj                       1752   0         0      
       tm4c123gh6pm_startup_ccs.obj   12     620       0      
    +--+------------------------------+------+---------+---------+
       Total:                         1764   620       0      
                                                              
    C:\ti\ccsv6\tools\compiler\arm_15.12.3.LTS\lib\rtsv7M4_T_le_v4SPD16_eabi.lib
       memcpy_t2.obj                  156    0         0      
       memset_t2.obj                  122    0         0      
       autoinit.obj                   112    0         0      
       copy_decompress_rle.obj        112    0         0      
       exit.obj                       84     0         12     
       boot.obj                       84     0         0      
       rand.obj                       76     0         4      
       cpy_tbl.obj                    76     0         0      
       _lock.obj                      20     0         8      
       args_main.obj                  24     0         0      
       copy_decompress_none.obj       14     0         0      
       pre_init.obj                   4      0         0      
       stkdepth_vars.obj              0      0         4      
       mpu_init.obj                   2      0         0      
       startup.obj                    2      0         0      
    +--+------------------------------+------+---------+---------+
       Total:                         888    0         28     
                                                              
       Stack:                         0      0         512    
       Linker Generated:              0      41        0      
    +--+------------------------------+------+---------+---------+
       Grand Total:                   2652   661       540    


LINKER GENERATED COPY TABLES

__TI_cinit_table @ 00000cec records: 1, size/record: 8, table size: 8
	.data: load addr=00000cc8, load size=00000019 bytes, run addr=20000200, run size=0000001c bytes, compression=rle


LINKER GENERATED HANDLER TABLE

__TI_handler_table @ 00000ce4 records: 2, size/record: 4, table size: 8
	index: 0, handler: __TI_decompress_rle24
	index: 1, handler: __TI_decompress_none


GLOBAL SYMBOLS: SORTED ALPHABETICALLY BY Name 

address   name                           
-------   ----                           
00000b8d  C$$EXIT                        
00000cb3  ResetISR                       
UNDEFED   SHT$$INIT_ARRAY$$Base          
UNDEFED   SHT$$INIT_ARRAY$$Limit         
20000200  __STACK_END                    
00000200  __STACK_SIZE                   
20000200  __STACK_TOP                    
00000cec  __TI_CINIT_Base                
00000cf4  __TI_CINIT_Limit               
00000ce4  __TI_Handler_Table_Base        
00000cec  __TI_Handler_Table_Limit       
00000a5d  __TI_auto_init                 
20000200  __TI_cleanup_ptr               
00000ca5  __TI_decompress_none           
00000cbf  __TI_decompress_rle24          
20000204  __TI_dtors_ptr                 
20000208  __TI_enable_exit_profile_output
ffffffff  __TI_pprof_out_hndl            
ffffffff  __TI_prof_data_size            
ffffffff  __TI_prof_data_start           
00000000  __TI_static_base__             
000009e1  __aeabi_memclr                 
000009e1  __aeabi_memclr4                
000009e1  __aeabi_memclr8                
00000945  __aeabi_memcpy                 
00000945  __aeabi_memcpy4                
00000945  __aeabi_memcpy8                
000009e3  __aeabi_memset                 
000009e3  __aeabi_memset4                
000009e3  __aeabi_memset8                
ffffffff  __binit__                      
ffffffff  __c_args__                     
00000a5b  __mpu_init                     
20000000  __stack                        
00000c79  _args_main                     
00000b39  _c_int00                       
2000020c  _lock                          
00000c9f  _nop                           
00000c97  _register_lock                 
00000c91  _register_unlock               
00000b37  _system_post_cinit             
00000cc5  _system_pre_init               
20000210  _unlock                        
00000b91  abort                          
ffffffff  binit                          
0000033f  config_leds                    
0000026d  config_uart2                   
00000be1  copy_in                        
00000b99  exit                           
00000000  g_pfnVectors                   
00000691  lee                            
000007bd  main                           
20000218  main_func_sp                   
00000945  memcpy                         
000009e9  memset                         
000006dd  mostrar_leds                   
00000c43  rand                           
00000c2d  srand                          
00000639  systick                        
00000545  turn_off_led                   
0000045f  turn_on_led                    


GLOBAL SYMBOLS: SORTED BY Symbol Address 

address   name                           
-------   ----                           
00000000  __TI_static_base__             
00000000  g_pfnVectors                   
00000200  __STACK_SIZE                   
0000026d  config_uart2                   
0000033f  config_leds                    
0000045f  turn_on_led                    
00000545  turn_off_led                   
00000639  systick                        
00000691  lee                            
000006dd  mostrar_leds                   
000007bd  main                           
00000945  __aeabi_memcpy                 
00000945  __aeabi_memcpy4                
00000945  __aeabi_memcpy8                
00000945  memcpy                         
000009e1  __aeabi_memclr                 
000009e1  __aeabi_memclr4                
000009e1  __aeabi_memclr8                
000009e3  __aeabi_memset                 
000009e3  __aeabi_memset4                
000009e3  __aeabi_memset8                
000009e9  memset                         
00000a5b  __mpu_init                     
00000a5d  __TI_auto_init                 
00000b37  _system_post_cinit             
00000b39  _c_int00                       
00000b8d  C$$EXIT                        
00000b91  abort                          
00000b99  exit                           
00000be1  copy_in                        
00000c2d  srand                          
00000c43  rand                           
00000c79  _args_main                     
00000c91  _register_unlock               
00000c97  _register_lock                 
00000c9f  _nop                           
00000ca5  __TI_decompress_none           
00000cb3  ResetISR                       
00000cbf  __TI_decompress_rle24          
00000cc5  _system_pre_init               
00000ce4  __TI_Handler_Table_Base        
00000cec  __TI_CINIT_Base                
00000cec  __TI_Handler_Table_Limit       
00000cf4  __TI_CINIT_Limit               
20000000  __stack                        
20000200  __STACK_END                    
20000200  __STACK_TOP                    
20000200  __TI_cleanup_ptr               
20000204  __TI_dtors_ptr                 
20000208  __TI_enable_exit_profile_output
2000020c  _lock                          
20000210  _unlock                        
20000218  main_func_sp                   
ffffffff  __TI_pprof_out_hndl            
ffffffff  __TI_prof_data_size            
ffffffff  __TI_prof_data_start           
ffffffff  __binit__                      
ffffffff  __c_args__                     
ffffffff  binit                          
UNDEFED   SHT$$INIT_ARRAY$$Base          
UNDEFED   SHT$$INIT_ARRAY$$Limit         

[61 symbols]
