******************************************************************************
                  TI ARM Linker PC v15.12.3                    
******************************************************************************
>> Linked Mon Mar 20 00:59:51 2017

OUTPUT FILE NAME:   <timers.out>
ENTRY POINT SYMBOL: "_c_int00"  address: 00000929


MEMORY CONFIGURATION

         name            origin    length      used     unused   attr    fill
----------------------  --------  ---------  --------  --------  ----  --------
  FLASH                 00000000   00040000  00000c32  0003f3ce  R  X
  SRAM                  20000000   00008000  00000124  00007edc  RW X


SEGMENT ALLOCATION MAP

run origin  load origin   length   init length attrs members
----------  ----------- ---------- ----------- ----- -------
00000000    00000000    00000c34   00000c34    r-x
  00000000    00000000    0000026c   0000026c    r-- .intvecs
  0000026c    0000026c    000008fa   000008fa    r-x .text
  00000b68    00000b68    00000090   00000090    r-- .const
  00000bf8    00000bf8    0000003c   0000003c    r-- .cinit
20000000    20000000    00000124   00000000    rw-
  20000000    20000000    00000100   00000000    rw- .stack
  20000100    20000100    00000020   00000000    rw- .data
  20000120    20000120    00000004   00000000    rw- .bss


SECTION ALLOCATION MAP

 output                                  attributes/
section   page    origin      length       input sections
--------  ----  ----------  ----------   ----------------
.intvecs   0    00000000    0000026c     
                  00000000    0000026c     startup_ccs.obj (.intvecs)

.text      0    0000026c    000008fa     
                  0000026c    0000021a     uartstdio.obj (.text:UARTprintf)
                  00000486    00000002     startup_ccs.obj (.text:FaultISR)
                  00000488    0000014c     timers.obj (.text:main)
                  000005d4    0000009c     rtsv7M4_T_le_v4SPD16_eabi.lib : memcpy_t2.obj (.text)
                  00000670    00000080     timers.obj (.text:Timer0IntHandler)
                  000006f0    00000080     timers.obj (.text:Timer1IntHandler)
                  00000770    0000007a     rtsv7M4_T_le_v4SPD16_eabi.lib : memset_t2.obj (.text)
                  000007ea    00000002     startup_ccs.obj (.text:IntDefaultHandler)
                  000007ec    00000070     rtsv7M4_T_le_v4SPD16_eabi.lib : autoinit.obj (.text)
                  0000085c    0000006a                                   : copy_decompress_rle.obj (.text)
                  000008c6    00000002     startup_ccs.obj (.text:NmiSR)
                  000008c8    00000060     uartstdio.obj (.text:UARTStdioConfig)
                  00000928    00000054     rtsv7M4_T_le_v4SPD16_eabi.lib : boot.obj (.text)
                  0000097c    00000054                                   : exit.obj (.text)
                  000009d0    0000004c                                   : cpy_tbl.obj (.text)
                  00000a1c    00000048     driverlib-cm4f.lib : gpio.obj (.text:GPIOPinConfigure)
                  00000a64    00000048     uartstdio.obj (.text:UARTwrite)
                  00000aac    00000040     rtsv7M4_T_le_v4SPD16_eabi.lib : u_divt2.obj (.text)
                  00000aec    00000020     uartstdio.obj (.text:UARTStdioInit)
                  00000b0c    00000018     rtsv7M4_T_le_v4SPD16_eabi.lib : args_main.obj (.text)
                  00000b24    00000014                                   : _lock.obj (.text)
                  00000b38    0000000e                                   : copy_decompress_none.obj (.text:decompress:none)
                  00000b46    0000000a     driverlib-cm4f.lib : gpio.obj (.text:GPIOPinWrite)
                  00000b50    00000006     startup_ccs.obj (.text:ResetISR)
                  00000b56    00000006     rtsv7M4_T_le_v4SPD16_eabi.lib : copy_decompress_rle.obj (.text:decompress:rle24)
                  00000b5c    00000004                                   : pre_init.obj (.text)
                  00000b60    00000002                                   : i_div0.obj (.text)
                  00000b62    00000002                                   : mpu_init.obj (.text)
                  00000b64    00000002                                   : startup.obj (.text)

.const     0    00000b68    00000090     
                  00000b68    00000078     driverlib-cm4f.lib : gpio.obj (.const:g_pulGPIOBaseAddrs)
                  00000be0    0000000c     uartstdio.obj (.const:g_ulUARTBase)
                  00000bec    0000000c     uartstdio.obj (.const:g_ulUARTPeriph)

.cinit     0    00000bf8    0000003c     
                  00000bf8    00000016     (.cinit..data.load) [load image, compression = rle]
                  00000c0e    00000002     --HOLE-- [fill = 0]
                  00000c10    00000009     (.cinit..bss.load) [load image, compression = rle]
                  00000c19    00000003     --HOLE-- [fill = 0]
                  00000c1c    00000008     (__TI_handler_table)
                  00000c24    00000010     (__TI_cinit_table)

.init_array 
*          0    00000000    00000000     UNINITIALIZED

.stack     0    20000000    00000100     UNINITIALIZED
                  20000000    00000100     --HOLE--

.data      0    20000100    00000020     UNINITIALIZED
                  20000100    0000000c     rtsv7M4_T_le_v4SPD16_eabi.lib : exit.obj (.data:$O1$$)
                  2000010c    00000008                                   : _lock.obj (.data:$O1$$)
                  20000114    00000005     uartstdio.obj (.data)
                  20000119    00000003     --HOLE--
                  2000011c    00000004     rtsv7M4_T_le_v4SPD16_eabi.lib : stkdepth_vars.obj (.data)

.bss       0    20000120    00000004     UNINITIALIZED
                  20000120    00000004     (.common:g_ulFlags)

MODULE SUMMARY

       Module                     code   ro data   rw data
       ------                     ----   -------   -------
    .\
       startup_ccs.obj            12     620       0      
       timers.obj                 588    0         4      
    +--+--------------------------+------+---------+---------+
       Total:                     600    620       4      
                                                          
    .\utils\
       uartstdio.obj              738    24        5      
    +--+--------------------------+------+---------+---------+
       Total:                     738    24        5      
                                                          
    C:/StellarisWare/driverlib/ccs-cm4f/Debug/driverlib-cm4f.lib
       gpio.obj                   82     120       0      
    +--+--------------------------+------+---------+---------+
       Total:                     82     120       0      
                                                          
    C:\ti\ccsv6\tools\compiler\arm_15.12.3.LTS\lib\rtsv7M4_T_le_v4SPD16_eabi.lib
       memcpy_t2.obj              156    0         0      
       memset_t2.obj              122    0         0      
       autoinit.obj               112    0         0      
       copy_decompress_rle.obj    112    0         0      
       exit.obj                   84     0         12     
       boot.obj                   84     0         0      
       cpy_tbl.obj                76     0         0      
       u_divt2.obj                64     0         0      
       _lock.obj                  20     0         8      
       args_main.obj              24     0         0      
       copy_decompress_none.obj   14     0         0      
       pre_init.obj               4      0         0      
       stkdepth_vars.obj          0      0         4      
       i_div0.obj                 2      0         0      
       mpu_init.obj               2      0         0      
       startup.obj                2      0         0      
    +--+--------------------------+------+---------+---------+
       Total:                     878    0         24     
                                                          
       Stack:                     0      0         256    
       Linker Generated:          0      55        0      
    +--+--------------------------+------+---------+---------+
       Grand Total:               2298   819       289    


LINKER GENERATED COPY TABLES

__TI_cinit_table @ 00000c24 records: 2, size/record: 8, table size: 16
	.data: load addr=00000bf8, load size=00000016 bytes, run addr=20000100, run size=00000020 bytes, compression=rle
	.bss: load addr=00000c10, load size=00000009 bytes, run addr=20000120, run size=00000004 bytes, compression=rle


LINKER GENERATED HANDLER TABLE

__TI_handler_table @ 00000c1c records: 2, size/record: 4, table size: 8
	index: 0, handler: __TI_decompress_rle24
	index: 1, handler: __TI_decompress_none


GLOBAL SYMBOLS: SORTED ALPHABETICALLY BY Name 

address   name                           
-------   ----                           
0000097d  C$$EXIT                        
00000a1d  GPIOPinConfigure               
00000b47  GPIOPinWrite                   
00000b51  ResetISR                       
UNDEFED   SHT$$INIT_ARRAY$$Base          
UNDEFED   SHT$$INIT_ARRAY$$Limit         
00000671  Timer0IntHandler               
000006f1  Timer1IntHandler               
000008c9  UARTStdioConfig                
00000aed  UARTStdioInit                  
0000026d  UARTprintf                     
00000a65  UARTwrite                      
20000100  __STACK_END                    
00000100  __STACK_SIZE                   
20000100  __STACK_TOP                    
00000c24  __TI_CINIT_Base                
00000c34  __TI_CINIT_Limit               
00000c1c  __TI_Handler_Table_Base        
00000c24  __TI_Handler_Table_Limit       
000007ed  __TI_auto_init                 
20000100  __TI_cleanup_ptr               
00000b39  __TI_decompress_none           
00000b57  __TI_decompress_rle24          
20000104  __TI_dtors_ptr                 
20000108  __TI_enable_exit_profile_output
ffffffff  __TI_pprof_out_hndl            
ffffffff  __TI_prof_data_size            
ffffffff  __TI_prof_data_start           
00000000  __TI_static_base__             
00000b61  __aeabi_idiv0                  
00000771  __aeabi_memclr                 
00000771  __aeabi_memclr4                
00000771  __aeabi_memclr8                
000005d5  __aeabi_memcpy                 
000005d5  __aeabi_memcpy4                
000005d5  __aeabi_memcpy8                
00000773  __aeabi_memset                 
00000773  __aeabi_memset4                
00000773  __aeabi_memset8                
00000aad  __aeabi_uidiv                  
00000aad  __aeabi_uidivmod               
ffffffff  __binit__                      
ffffffff  __c_args__                     
00000b63  __mpu_init                     
20000000  __stack                        
00000b0d  _args_main                     
00000929  _c_int00                       
2000010c  _lock                          
00000b33  _nop                           
00000b2b  _register_lock                 
00000b25  _register_unlock               
00000b65  _system_post_cinit             
00000b5d  _system_pre_init               
20000110  _unlock                        
00000981  abort                          
ffffffff  binit                          
000009d1  copy_in                        
00000989  exit                           
00000000  g_pfnVectors                   
20000120  g_ulFlags                      
00000489  main                           
2000011c  main_func_sp                   
000005d5  memcpy                         
00000779  memset                         


GLOBAL SYMBOLS: SORTED BY Symbol Address 

address   name                           
-------   ----                           
00000000  __TI_static_base__             
00000000  g_pfnVectors                   
00000100  __STACK_SIZE                   
0000026d  UARTprintf                     
00000489  main                           
000005d5  __aeabi_memcpy                 
000005d5  __aeabi_memcpy4                
000005d5  __aeabi_memcpy8                
000005d5  memcpy                         
00000671  Timer0IntHandler               
000006f1  Timer1IntHandler               
00000771  __aeabi_memclr                 
00000771  __aeabi_memclr4                
00000771  __aeabi_memclr8                
00000773  __aeabi_memset                 
00000773  __aeabi_memset4                
00000773  __aeabi_memset8                
00000779  memset                         
000007ed  __TI_auto_init                 
000008c9  UARTStdioConfig                
00000929  _c_int00                       
0000097d  C$$EXIT                        
00000981  abort                          
00000989  exit                           
000009d1  copy_in                        
00000a1d  GPIOPinConfigure               
00000a65  UARTwrite                      
00000aad  __aeabi_uidiv                  
00000aad  __aeabi_uidivmod               
00000aed  UARTStdioInit                  
00000b0d  _args_main                     
00000b25  _register_unlock               
00000b2b  _register_lock                 
00000b33  _nop                           
00000b39  __TI_decompress_none           
00000b47  GPIOPinWrite                   
00000b51  ResetISR                       
00000b57  __TI_decompress_rle24          
00000b5d  _system_pre_init               
00000b61  __aeabi_idiv0                  
00000b63  __mpu_init                     
00000b65  _system_post_cinit             
00000c1c  __TI_Handler_Table_Base        
00000c24  __TI_CINIT_Base                
00000c24  __TI_Handler_Table_Limit       
00000c34  __TI_CINIT_Limit               
20000000  __stack                        
20000100  __STACK_END                    
20000100  __STACK_TOP                    
20000100  __TI_cleanup_ptr               
20000104  __TI_dtors_ptr                 
20000108  __TI_enable_exit_profile_output
2000010c  _lock                          
20000110  _unlock                        
2000011c  main_func_sp                   
20000120  g_ulFlags                      
ffffffff  __TI_pprof_out_hndl            
ffffffff  __TI_prof_data_size            
ffffffff  __TI_prof_data_start           
ffffffff  __binit__                      
ffffffff  __c_args__                     
ffffffff  binit                          
UNDEFED   SHT$$INIT_ARRAY$$Base          
UNDEFED   SHT$$INIT_ARRAY$$Limit         

[64 symbols]
