******************************************************************************
                  TI ARM Linker PC v15.12.3                    
******************************************************************************
>> Linked Sat Dec 02 23:41:04 2017

OUTPUT FILE NAME:   <PUERTOS_E-S.out>
ENTRY POINT SYMBOL: "_c_int00"  address: 00000531


MEMORY CONFIGURATION

         name            origin    length      used     unused   attr    fill
----------------------  --------  ---------  --------  --------  ----  --------
  FLASH                 00000000   00040000  000006b0  0003f950  R  X
  SRAM                  20000000   00008000  0000021c  00007de4  RW X


SEGMENT ALLOCATION MAP

run origin  load origin   length   init length attrs members
----------  ----------- ---------- ----------- ----- -------
00000000    00000000    000006b4   000006b4    r-x
  00000000    00000000    0000026c   0000026c    r-- .intvecs
  0000026c    0000026c    00000408   00000408    r-x .text
  00000678    00000678    0000003c   0000003c    r-- .cinit
20000000    20000000    0000021c   00000000    rw-
  20000000    20000000    00000200   00000000    rw- .stack
  20000200    20000200    00000018   00000000    rw- .data
  20000218    20000218    00000004   00000000    rw- .bss


SECTION ALLOCATION MAP

 output                                  attributes/
section   page    origin      length       input sections
--------  ----  ----------  ----------   ----------------
.intvecs   0    00000000    0000026c     
                  00000000    0000026c     lm4f121h5qr_startup_ccs.obj (.intvecs)

.text      0    0000026c    00000408     
                  0000026c    000000d0     main.obj (.text)
                  0000033c    0000009c     rtsv7M4_T_le_v4SPD16_eabi.lib : memcpy_t2.obj (.text)
                  000003d8    0000007a                                   : memset_t2.obj (.text)
                  00000452    00000002                                   : mpu_init.obj (.text)
                  00000454    00000070                                   : autoinit.obj (.text)
                  000004c4    0000006a                                   : copy_decompress_rle.obj (.text)
                  0000052e    00000002                                   : startup.obj (.text)
                  00000530    00000054                                   : boot.obj (.text)
                  00000584    00000054                                   : exit.obj (.text)
                  000005d8    0000004c                                   : cpy_tbl.obj (.text)
                  00000624    00000018                                   : args_main.obj (.text)
                  0000063c    00000014                                   : _lock.obj (.text)
                  00000650    0000000e                                   : copy_decompress_none.obj (.text:decompress:none)
                  0000065e    0000000c     lm4f121h5qr_startup_ccs.obj (.text)
                  0000066a    00000006     rtsv7M4_T_le_v4SPD16_eabi.lib : copy_decompress_rle.obj (.text:decompress:rle24)
                  00000670    00000004                                   : pre_init.obj (.text)

.cinit     0    00000678    0000003c     
                  00000678    00000016     (.cinit..data.load) [load image, compression = rle]
                  0000068e    00000002     --HOLE-- [fill = 0]
                  00000690    00000009     (.cinit..bss.load) [load image, compression = rle]
                  00000699    00000003     --HOLE-- [fill = 0]
                  0000069c    00000008     (__TI_handler_table)
                  000006a4    00000010     (__TI_cinit_table)

.init_array 
*          0    00000000    00000000     UNINITIALIZED

.stack     0    20000000    00000200     UNINITIALIZED
                  20000000    00000200     --HOLE--

.data      0    20000200    00000018     UNINITIALIZED
                  20000200    0000000c     rtsv7M4_T_le_v4SPD16_eabi.lib : exit.obj (.data:$O1$$)
                  2000020c    00000008                                   : _lock.obj (.data:$O1$$)
                  20000214    00000004                                   : stkdepth_vars.obj (.data)

.bss       0    20000218    00000004     UNINITIALIZED
                  20000218    00000004     (.common:In)

MODULE SUMMARY

       Module                        code   ro data   rw data
       ------                        ----   -------   -------
    .\
       lm4f121h5qr_startup_ccs.obj   12     620       0      
       main.obj                      208    0         4      
    +--+-----------------------------+------+---------+---------+
       Total:                        220    620       4      
                                                             
    C:\ti\ccsv6\tools\compiler\arm_15.12.3.LTS\lib\rtsv7M4_T_le_v4SPD16_eabi.lib
       memcpy_t2.obj                 156    0         0      
       memset_t2.obj                 122    0         0      
       autoinit.obj                  112    0         0      
       copy_decompress_rle.obj       112    0         0      
       exit.obj                      84     0         12     
       boot.obj                      84     0         0      
       cpy_tbl.obj                   76     0         0      
       _lock.obj                     20     0         8      
       args_main.obj                 24     0         0      
       copy_decompress_none.obj      14     0         0      
       pre_init.obj                  4      0         0      
       stkdepth_vars.obj             0      0         4      
       mpu_init.obj                  2      0         0      
       startup.obj                   2      0         0      
    +--+-----------------------------+------+---------+---------+
       Total:                        812    0         24     
                                                             
       Stack:                        0      0         512    
       Linker Generated:             0      55        0      
    +--+-----------------------------+------+---------+---------+
       Grand Total:                  1032   675       540    


LINKER GENERATED COPY TABLES

__TI_cinit_table @ 000006a4 records: 2, size/record: 8, table size: 16
	.data: load addr=00000678, load size=00000016 bytes, run addr=20000200, run size=00000018 bytes, compression=rle
	.bss: load addr=00000690, load size=00000009 bytes, run addr=20000218, run size=00000004 bytes, compression=rle


LINKER GENERATED HANDLER TABLE

__TI_handler_table @ 0000069c records: 2, size/record: 4, table size: 8
	index: 0, handler: __TI_decompress_rle24
	index: 1, handler: __TI_decompress_none


GLOBAL SYMBOLS: SORTED ALPHABETICALLY BY Name 

address   name                           
-------   ----                           
00000585  C$$EXIT                        
000002eb  Delay                          
20000218  In                             
000002a3  PortF_Init                     
0000065f  ResetISR                       
UNDEFED   SHT$$INIT_ARRAY$$Base          
UNDEFED   SHT$$INIT_ARRAY$$Limit         
20000200  __STACK_END                    
00000200  __STACK_SIZE                   
20000200  __STACK_TOP                    
000006a4  __TI_CINIT_Base                
000006b4  __TI_CINIT_Limit               
0000069c  __TI_Handler_Table_Base        
000006a4  __TI_Handler_Table_Limit       
00000455  __TI_auto_init                 
20000200  __TI_cleanup_ptr               
00000651  __TI_decompress_none           
0000066b  __TI_decompress_rle24          
20000204  __TI_dtors_ptr                 
20000208  __TI_enable_exit_profile_output
ffffffff  __TI_pprof_out_hndl            
ffffffff  __TI_prof_data_size            
ffffffff  __TI_prof_data_start           
00000000  __TI_static_base__             
000003d9  __aeabi_memclr                 
000003d9  __aeabi_memclr4                
000003d9  __aeabi_memclr8                
0000033d  __aeabi_memcpy                 
0000033d  __aeabi_memcpy4                
0000033d  __aeabi_memcpy8                
000003db  __aeabi_memset                 
000003db  __aeabi_memset4                
000003db  __aeabi_memset8                
ffffffff  __binit__                      
ffffffff  __c_args__                     
00000453  __mpu_init                     
20000000  __stack                        
00000625  _args_main                     
00000531  _c_int00                       
2000020c  _lock                          
0000064b  _nop                           
00000643  _register_lock                 
0000063d  _register_unlock               
0000052f  _system_post_cinit             
00000671  _system_pre_init               
20000210  _unlock                        
00000589  abort                          
ffffffff  binit                          
000005d9  copy_in                        
00000591  exit                           
00000000  g_pfnVectors                   
0000026d  main                           
20000214  main_func_sp                   
0000033d  memcpy                         
000003e1  memset                         


GLOBAL SYMBOLS: SORTED BY Symbol Address 

address   name                           
-------   ----                           
00000000  __TI_static_base__             
00000000  g_pfnVectors                   
00000200  __STACK_SIZE                   
0000026d  main                           
000002a3  PortF_Init                     
000002eb  Delay                          
0000033d  __aeabi_memcpy                 
0000033d  __aeabi_memcpy4                
0000033d  __aeabi_memcpy8                
0000033d  memcpy                         
000003d9  __aeabi_memclr                 
000003d9  __aeabi_memclr4                
000003d9  __aeabi_memclr8                
000003db  __aeabi_memset                 
000003db  __aeabi_memset4                
000003db  __aeabi_memset8                
000003e1  memset                         
00000453  __mpu_init                     
00000455  __TI_auto_init                 
0000052f  _system_post_cinit             
00000531  _c_int00                       
00000585  C$$EXIT                        
00000589  abort                          
00000591  exit                           
000005d9  copy_in                        
00000625  _args_main                     
0000063d  _register_unlock               
00000643  _register_lock                 
0000064b  _nop                           
00000651  __TI_decompress_none           
0000065f  ResetISR                       
0000066b  __TI_decompress_rle24          
00000671  _system_pre_init               
0000069c  __TI_Handler_Table_Base        
000006a4  __TI_CINIT_Base                
000006a4  __TI_Handler_Table_Limit       
000006b4  __TI_CINIT_Limit               
20000000  __stack                        
20000200  __STACK_END                    
20000200  __STACK_TOP                    
20000200  __TI_cleanup_ptr               
20000204  __TI_dtors_ptr                 
20000208  __TI_enable_exit_profile_output
2000020c  _lock                          
20000210  _unlock                        
20000214  main_func_sp                   
20000218  In                             
ffffffff  __TI_pprof_out_hndl            
ffffffff  __TI_prof_data_size            
ffffffff  __TI_prof_data_start           
ffffffff  __binit__                      
ffffffff  __c_args__                     
ffffffff  binit                          
UNDEFED   SHT$$INIT_ARRAY$$Base          
UNDEFED   SHT$$INIT_ARRAY$$Limit         

[55 symbols]
