******************************************************************************
                  TI ARM Linker PC v15.12.3                    
******************************************************************************
>> Linked Mon Dec 04 00:40:18 2017

OUTPUT FILE NAME:   <Pantalla_LCD.out>
ENTRY POINT SYMBOL: "_c_int00"  address: 00000705


MEMORY CONFIGURATION

         name            origin    length      used     unused   attr    fill
----------------------  --------  ---------  --------  --------  ----  --------
  FLASH                 00000000   00040000  00000890  0003f770  R  X
  SRAM                  20000000   00008000  00000218  00007de8  RW X


SEGMENT ALLOCATION MAP

run origin  load origin   length   init length attrs members
----------  ----------- ---------- ----------- ----- -------
00000000    00000000    00000890   00000890    r-x
  00000000    00000000    0000026c   0000026c    r-- .intvecs
  0000026c    0000026c    000005fc   000005fc    r-x .text
  00000868    00000868    00000028   00000028    r-- .cinit
20000000    20000000    00000218   00000000    rw-
  20000000    20000000    00000200   00000000    rw- .stack
  20000200    20000200    00000018   00000000    rw- .data


SECTION ALLOCATION MAP

 output                                  attributes/
section   page    origin      length       input sections
--------  ----  ----------  ----------   ----------------
.intvecs   0    00000000    0000026c     
                  00000000    0000026c     tm4c123gh6pm_startup_ccs.obj (.intvecs)

.text      0    0000026c    000005fc     
                  0000026c    0000022c     lcd.obj (.text)
                  00000498    0000009c     rtsv7M4_T_le_v4SPD16_eabi.lib : memcpy_t2.obj (.text)
                  00000534    0000007a                                   : memset_t2.obj (.text)
                  000005ae    00000002                                   : mpu_init.obj (.text)
                  000005b0    00000078     SysTick.obj (.text)
                  00000628    00000070     rtsv7M4_T_le_v4SPD16_eabi.lib : autoinit.obj (.text)
                  00000698    0000006a                                   : copy_decompress_rle.obj (.text)
                  00000702    00000002                                   : startup.obj (.text)
                  00000704    00000054                                   : boot.obj (.text)
                  00000758    00000054                                   : exit.obj (.text)
                  000007ac    0000004c                                   : cpy_tbl.obj (.text)
                  000007f8    00000020     main.obj (.text)
                  00000818    00000018     rtsv7M4_T_le_v4SPD16_eabi.lib : args_main.obj (.text)
                  00000830    00000014                                   : _lock.obj (.text)
                  00000844    0000000e                                   : copy_decompress_none.obj (.text:decompress:none)
                  00000852    0000000c     tm4c123gh6pm_startup_ccs.obj (.text)
                  0000085e    00000006     rtsv7M4_T_le_v4SPD16_eabi.lib : copy_decompress_rle.obj (.text:decompress:rle24)
                  00000864    00000004                                   : pre_init.obj (.text)

.cinit     0    00000868    00000028     
                  00000868    00000016     (.cinit..data.load) [load image, compression = rle]
                  0000087e    00000002     --HOLE-- [fill = 0]
                  00000880    00000008     (__TI_handler_table)
                  00000888    00000008     (__TI_cinit_table)

.init_array 
*          0    00000000    00000000     UNINITIALIZED

.stack     0    20000000    00000200     UNINITIALIZED
                  20000000    00000200     --HOLE--

.data      0    20000200    00000018     UNINITIALIZED
                  20000200    0000000c     rtsv7M4_T_le_v4SPD16_eabi.lib : exit.obj (.data:$O1$$)
                  2000020c    00000008                                   : _lock.obj (.data:$O1$$)
                  20000214    00000004                                   : stkdepth_vars.obj (.data)

MODULE SUMMARY

       Module                         code   ro data   rw data
       ------                         ----   -------   -------
    .\
       tm4c123gh6pm_startup_ccs.obj   12     620       0      
       lcd.obj                        556    0         0      
       SysTick.obj                    120    0         0      
       main.obj                       32     0         0      
    +--+------------------------------+------+---------+---------+
       Total:                         720    620       0      
                                                              
    C:\ti\ccsv6\tools\compiler\arm_15.12.3.LTS\lib\rtsv7M4_T_le_v4SPD16_eabi.lib
       memcpy_t2.obj                  156    0         0      
       memset_t2.obj                  122    0         0      
       autoinit.obj                   112    0         0      
       copy_decompress_rle.obj        112    0         0      
       exit.obj                       84     0         12     
       boot.obj                       84     0         0      
       cpy_tbl.obj                    76     0         0      
       _lock.obj                      20     0         8      
       args_main.obj                  24     0         0      
       copy_decompress_none.obj       14     0         0      
       pre_init.obj                   4      0         0      
       stkdepth_vars.obj              0      0         4      
       mpu_init.obj                   2      0         0      
       startup.obj                    2      0         0      
    +--+------------------------------+------+---------+---------+
       Total:                         812    0         24     
                                                              
       Stack:                         0      0         512    
       Linker Generated:              0      38        0      
    +--+------------------------------+------+---------+---------+
       Grand Total:                   1532   658       536    


LINKER GENERATED COPY TABLES

__TI_cinit_table @ 00000888 records: 1, size/record: 8, table size: 8
	.data: load addr=00000868, load size=00000016 bytes, run addr=20000200, run size=00000018 bytes, compression=rle


LINKER GENERATED HANDLER TABLE

__TI_handler_table @ 00000880 records: 2, size/record: 4, table size: 8
	index: 0, handler: __TI_decompress_rle24
	index: 1, handler: __TI_decompress_none


GLOBAL SYMBOLS: SORTED ALPHABETICALLY BY Name 

address   name                           
-------   ----                           
00000759  C$$EXIT                        
000003a9  LCD_Clear                      
000002a7  LCD_Init                       
0000036f  LCD_OutChar                    
000003c5  LCD_OutString                  
000003e3  LCD_OutUDec                    
00000413  LCD_OutUHex                    
0000026d  OutCmd                         
00000853  ResetISR                       
UNDEFED   SHT$$INIT_ARRAY$$Base          
UNDEFED   SHT$$INIT_ARRAY$$Limit         
000005b1  SysTick_Init                   
000005cd  SysTick_Wait                   
000005f3  SysTick_Wait10ms               
20000200  __STACK_END                    
00000200  __STACK_SIZE                   
20000200  __STACK_TOP                    
00000888  __TI_CINIT_Base                
00000890  __TI_CINIT_Limit               
00000880  __TI_Handler_Table_Base        
00000888  __TI_Handler_Table_Limit       
00000629  __TI_auto_init                 
20000200  __TI_cleanup_ptr               
00000845  __TI_decompress_none           
0000085f  __TI_decompress_rle24          
20000204  __TI_dtors_ptr                 
20000208  __TI_enable_exit_profile_output
ffffffff  __TI_pprof_out_hndl            
ffffffff  __TI_prof_data_size            
ffffffff  __TI_prof_data_start           
00000000  __TI_static_base__             
00000535  __aeabi_memclr                 
00000535  __aeabi_memclr4                
00000535  __aeabi_memclr8                
00000499  __aeabi_memcpy                 
00000499  __aeabi_memcpy4                
00000499  __aeabi_memcpy8                
00000537  __aeabi_memset                 
00000537  __aeabi_memset4                
00000537  __aeabi_memset8                
ffffffff  __binit__                      
ffffffff  __c_args__                     
000005af  __mpu_init                     
20000000  __stack                        
00000819  _args_main                     
00000705  _c_int00                       
2000020c  _lock                          
0000083f  _nop                           
00000837  _register_lock                 
00000831  _register_unlock               
00000703  _system_post_cinit             
00000865  _system_pre_init               
20000210  _unlock                        
0000075d  abort                          
ffffffff  binit                          
000007ad  copy_in                        
00000765  exit                           
00000000  g_pfnVectors                   
000007f9  main                           
20000214  main_func_sp                   
00000499  memcpy                         
0000053d  memset                         


GLOBAL SYMBOLS: SORTED BY Symbol Address 

address   name                           
-------   ----                           
00000000  __TI_static_base__             
00000000  g_pfnVectors                   
00000200  __STACK_SIZE                   
0000026d  OutCmd                         
000002a7  LCD_Init                       
0000036f  LCD_OutChar                    
000003a9  LCD_Clear                      
000003c5  LCD_OutString                  
000003e3  LCD_OutUDec                    
00000413  LCD_OutUHex                    
00000499  __aeabi_memcpy                 
00000499  __aeabi_memcpy4                
00000499  __aeabi_memcpy8                
00000499  memcpy                         
00000535  __aeabi_memclr                 
00000535  __aeabi_memclr4                
00000535  __aeabi_memclr8                
00000537  __aeabi_memset                 
00000537  __aeabi_memset4                
00000537  __aeabi_memset8                
0000053d  memset                         
000005af  __mpu_init                     
000005b1  SysTick_Init                   
000005cd  SysTick_Wait                   
000005f3  SysTick_Wait10ms               
00000629  __TI_auto_init                 
00000703  _system_post_cinit             
00000705  _c_int00                       
00000759  C$$EXIT                        
0000075d  abort                          
00000765  exit                           
000007ad  copy_in                        
000007f9  main                           
00000819  _args_main                     
00000831  _register_unlock               
00000837  _register_lock                 
0000083f  _nop                           
00000845  __TI_decompress_none           
00000853  ResetISR                       
0000085f  __TI_decompress_rle24          
00000865  _system_pre_init               
00000880  __TI_Handler_Table_Base        
00000888  __TI_CINIT_Base                
00000888  __TI_Handler_Table_Limit       
00000890  __TI_CINIT_Limit               
20000000  __stack                        
20000200  __STACK_END                    
20000200  __STACK_TOP                    
20000200  __TI_cleanup_ptr               
20000204  __TI_dtors_ptr                 
20000208  __TI_enable_exit_profile_output
2000020c  _lock                          
20000210  _unlock                        
20000214  main_func_sp                   
ffffffff  __TI_pprof_out_hndl            
ffffffff  __TI_prof_data_size            
ffffffff  __TI_prof_data_start           
ffffffff  __binit__                      
ffffffff  __c_args__                     
ffffffff  binit                          
UNDEFED   SHT$$INIT_ARRAY$$Base          
UNDEFED   SHT$$INIT_ARRAY$$Limit         

[62 symbols]
