******************************************************************************
                  TI ARM Linker PC v15.12.3                    
******************************************************************************
>> Linked Sun Apr 15 16:54:27 2018

OUTPUT FILE NAME:   <LAB 2.out>
ENTRY POINT SYMBOL: "_c_int00"  address: 000007ed


MEMORY CONFIGURATION

         name            origin    length      used     unused   attr    fill
----------------------  --------  ---------  --------  --------  ----  --------
  FLASH                 00000000   00040000  00000958  0003f6a8  R  X
  SRAM                  20000000   00008000  00000218  00007de8  RW X


SEGMENT ALLOCATION MAP

run origin  load origin   length   init length attrs members
----------  ----------- ---------- ----------- ----- -------
00000000    00000000    00000958   00000958    r-x
  00000000    00000000    0000026c   0000026c    r-- .intvecs
  0000026c    0000026c    000006c4   000006c4    r-x .text
  00000930    00000930    00000028   00000028    r-- .cinit
20000000    20000000    00000218   00000000    rw-
  20000000    20000000    00000200   00000000    rw- .stack
  20000200    20000200    00000018   00000000    rw- .data


SECTION ALLOCATION MAP

 output                                  attributes/
section   page    origin      length       input sections
--------  ----  ----------  ----------   ----------------
.intvecs   0    00000000    0000026c     
                  00000000    0000026c     tm4c123gh6pm_startup_ccs.obj (.intvecs)

.text      0    0000026c    000006c4     
                  0000026c    0000038c     main.obj (.text)
                  000005f8    0000009c     rtsv7M4_T_le_v4SPD16_eabi.lib : memcpy_t2.obj (.text)
                  00000694    0000007a                                   : memset_t2.obj (.text)
                  0000070e    00000002                                   : mpu_init.obj (.text)
                  00000710    00000070                                   : autoinit.obj (.text)
                  00000780    0000006a                                   : copy_decompress_rle.obj (.text)
                  000007ea    00000002                                   : startup.obj (.text)
                  000007ec    00000054                                   : boot.obj (.text)
                  00000840    00000054                                   : exit.obj (.text)
                  00000894    0000004c                                   : cpy_tbl.obj (.text)
                  000008e0    00000018                                   : args_main.obj (.text)
                  000008f8    00000014                                   : _lock.obj (.text)
                  0000090c    0000000e                                   : copy_decompress_none.obj (.text:decompress:none)
                  0000091a    0000000c     tm4c123gh6pm_startup_ccs.obj (.text)
                  00000926    00000006     rtsv7M4_T_le_v4SPD16_eabi.lib : copy_decompress_rle.obj (.text:decompress:rle24)
                  0000092c    00000004                                   : pre_init.obj (.text)

.cinit     0    00000930    00000028     
                  00000930    00000016     (.cinit..data.load) [load image, compression = rle]
                  00000946    00000002     --HOLE-- [fill = 0]
                  00000948    00000008     (__TI_handler_table)
                  00000950    00000008     (__TI_cinit_table)

.init_array 
*          0    00000000    00000000     UNINITIALIZED

.stack     0    20000000    00000200     UNINITIALIZED
                  20000000    00000200     --HOLE--

.data      0    20000200    00000018     UNINITIALIZED
                  20000200    0000000c     rtsv7M4_T_le_v4SPD16_eabi.lib : exit.obj (.data:$O1$$)
                  2000020c    00000008                                   : _lock.obj (.data:$O1$$)
                  20000214    00000004                                   : stkdepth_vars.obj (.data)

MODULE SUMMARY

       Module                         code   ro data   rw data
       ------                         ----   -------   -------
    .\
       main.obj                       908    0         0      
       tm4c123gh6pm_startup_ccs.obj   12     620       0      
    +--+------------------------------+------+---------+---------+
       Total:                         920    620       0      
                                                              
    C:\ti\ccsv6\tools\compiler\arm_15.12.3.LTS\lib\rtsv7M4_T_le_v4SPD16_eabi.lib
       memcpy_t2.obj                  156    0         0      
       memset_t2.obj                  122    0         0      
       autoinit.obj                   112    0         0      
       copy_decompress_rle.obj        112    0         0      
       exit.obj                       84     0         12     
       boot.obj                       84     0         0      
       cpy_tbl.obj                    76     0         0      
       _lock.obj                      20     0         8      
       args_main.obj                  24     0         0      
       copy_decompress_none.obj       14     0         0      
       pre_init.obj                   4      0         0      
       stkdepth_vars.obj              0      0         4      
       mpu_init.obj                   2      0         0      
       startup.obj                    2      0         0      
    +--+------------------------------+------+---------+---------+
       Total:                         812    0         24     
                                                              
       Stack:                         0      0         512    
       Linker Generated:              0      38        0      
    +--+------------------------------+------+---------+---------+
       Grand Total:                   1732   658       536    


LINKER GENERATED COPY TABLES

__TI_cinit_table @ 00000950 records: 1, size/record: 8, table size: 8
	.data: load addr=00000930, load size=00000016 bytes, run addr=20000200, run size=00000018 bytes, compression=rle


LINKER GENERATED HANDLER TABLE

__TI_handler_table @ 00000948 records: 2, size/record: 4, table size: 8
	index: 0, handler: __TI_decompress_rle24
	index: 1, handler: __TI_decompress_none


GLOBAL SYMBOLS: SORTED ALPHABETICALLY BY Name 

address   name                           
-------   ----                           
00000841  C$$EXIT                        
0000091b  ResetISR                       
UNDEFED   SHT$$INIT_ARRAY$$Base          
UNDEFED   SHT$$INIT_ARRAY$$Limit         
20000200  __STACK_END                    
00000200  __STACK_SIZE                   
20000200  __STACK_TOP                    
00000950  __TI_CINIT_Base                
00000958  __TI_CINIT_Limit               
00000948  __TI_Handler_Table_Base        
00000950  __TI_Handler_Table_Limit       
00000711  __TI_auto_init                 
20000200  __TI_cleanup_ptr               
0000090d  __TI_decompress_none           
00000927  __TI_decompress_rle24          
20000204  __TI_dtors_ptr                 
20000208  __TI_enable_exit_profile_output
ffffffff  __TI_pprof_out_hndl            
ffffffff  __TI_prof_data_size            
ffffffff  __TI_prof_data_start           
00000000  __TI_static_base__             
00000695  __aeabi_memclr                 
00000695  __aeabi_memclr4                
00000695  __aeabi_memclr8                
000005f9  __aeabi_memcpy                 
000005f9  __aeabi_memcpy4                
000005f9  __aeabi_memcpy8                
00000697  __aeabi_memset                 
00000697  __aeabi_memset4                
00000697  __aeabi_memset8                
ffffffff  __binit__                      
ffffffff  __c_args__                     
0000070f  __mpu_init                     
20000000  __stack                        
000008e1  _args_main                     
000007ed  _c_int00                       
2000020c  _lock                          
00000907  _nop                           
000008ff  _register_lock                 
000008f9  _register_unlock               
000007eb  _system_post_cinit             
0000092d  _system_pre_init               
20000210  _unlock                        
00000845  abort                          
ffffffff  binit                          
000002b5  config_leds                    
0000026d  config_sws                     
00000895  copy_in                        
0000084d  exit                           
00000000  g_pfnVectors                   
00000319  main                           
20000214  main_func_sp                   
000005f9  memcpy                         
0000069d  memset                         


GLOBAL SYMBOLS: SORTED BY Symbol Address 

address   name                           
-------   ----                           
00000000  __TI_static_base__             
00000000  g_pfnVectors                   
00000200  __STACK_SIZE                   
0000026d  config_sws                     
000002b5  config_leds                    
00000319  main                           
000005f9  __aeabi_memcpy                 
000005f9  __aeabi_memcpy4                
000005f9  __aeabi_memcpy8                
000005f9  memcpy                         
00000695  __aeabi_memclr                 
00000695  __aeabi_memclr4                
00000695  __aeabi_memclr8                
00000697  __aeabi_memset                 
00000697  __aeabi_memset4                
00000697  __aeabi_memset8                
0000069d  memset                         
0000070f  __mpu_init                     
00000711  __TI_auto_init                 
000007eb  _system_post_cinit             
000007ed  _c_int00                       
00000841  C$$EXIT                        
00000845  abort                          
0000084d  exit                           
00000895  copy_in                        
000008e1  _args_main                     
000008f9  _register_unlock               
000008ff  _register_lock                 
00000907  _nop                           
0000090d  __TI_decompress_none           
0000091b  ResetISR                       
00000927  __TI_decompress_rle24          
0000092d  _system_pre_init               
00000948  __TI_Handler_Table_Base        
00000950  __TI_CINIT_Base                
00000950  __TI_Handler_Table_Limit       
00000958  __TI_CINIT_Limit               
20000000  __stack                        
20000200  __STACK_END                    
20000200  __STACK_TOP                    
20000200  __TI_cleanup_ptr               
20000204  __TI_dtors_ptr                 
20000208  __TI_enable_exit_profile_output
2000020c  _lock                          
20000210  _unlock                        
20000214  main_func_sp                   
ffffffff  __TI_pprof_out_hndl            
ffffffff  __TI_prof_data_size            
ffffffff  __TI_prof_data_start           
ffffffff  __binit__                      
ffffffff  __c_args__                     
ffffffff  binit                          
UNDEFED   SHT$$INIT_ARRAY$$Base          
UNDEFED   SHT$$INIT_ARRAY$$Limit         

[54 symbols]
