******************************************************************************
                  TI ARM Linker PC v15.12.3                    
******************************************************************************
>> Linked Mon Mar 20 12:24:44 2017

OUTPUT FILE NAME:   <PUERTOS_E-S__2.out>
ENTRY POINT SYMBOL: "_c_int00"  address: 00000541


MEMORY CONFIGURATION

         name            origin    length      used     unused   attr    fill
----------------------  --------  ---------  --------  --------  ----  --------
  FLASH                 00000000   00040000  000006c0  0003f940  R  X
  SRAM                  20000000   00008000  00000220  00007de0  RW X


SEGMENT ALLOCATION MAP

run origin  load origin   length   init length attrs members
----------  ----------- ---------- ----------- ----- -------
00000000    00000000    000006c4   000006c4    r-x
  00000000    00000000    0000026c   0000026c    r-- .intvecs
  0000026c    0000026c    00000418   00000418    r-x .text
  00000688    00000688    0000003c   0000003c    r-- .cinit
20000000    20000000    00000220   00000000    rw-
  20000000    20000000    00000200   00000000    rw- .stack
  20000200    20000200    00000018   00000000    rw- .data
  20000218    20000218    00000008   00000000    rw- .bss


SECTION ALLOCATION MAP

 output                                  attributes/
section   page    origin      length       input sections
--------  ----  ----------  ----------   ----------------
.intvecs   0    00000000    0000026c     
                  00000000    0000026c     lm4f120h5qr_startup_ccs.obj (.intvecs)

.text      0    0000026c    00000418     
                  0000026c    000000e0     main.obj (.text)
                  0000034c    0000009c     rtsv7M4_T_le_v4SPD16_eabi.lib : memcpy_t2.obj (.text)
                  000003e8    0000007a                                   : memset_t2.obj (.text)
                  00000462    00000002                                   : mpu_init.obj (.text)
                  00000464    00000070                                   : autoinit.obj (.text)
                  000004d4    0000006a                                   : copy_decompress_rle.obj (.text)
                  0000053e    00000002                                   : startup.obj (.text)
                  00000540    00000054                                   : boot.obj (.text)
                  00000594    00000054                                   : exit.obj (.text)
                  000005e8    0000004c                                   : cpy_tbl.obj (.text)
                  00000634    00000018                                   : args_main.obj (.text)
                  0000064c    00000014                                   : _lock.obj (.text)
                  00000660    0000000e                                   : copy_decompress_none.obj (.text:decompress:none)
                  0000066e    0000000c     lm4f120h5qr_startup_ccs.obj (.text)
                  0000067a    00000006     rtsv7M4_T_le_v4SPD16_eabi.lib : copy_decompress_rle.obj (.text:decompress:rle24)
                  00000680    00000004                                   : pre_init.obj (.text)

.cinit     0    00000688    0000003c     
                  00000688    00000016     (.cinit..data.load) [load image, compression = rle]
                  0000069e    00000002     --HOLE-- [fill = 0]
                  000006a0    00000009     (.cinit..bss.load) [load image, compression = rle]
                  000006a9    00000003     --HOLE-- [fill = 0]
                  000006ac    00000008     (__TI_handler_table)
                  000006b4    00000010     (__TI_cinit_table)

.init_array 
*          0    00000000    00000000     UNINITIALIZED

.stack     0    20000000    00000200     UNINITIALIZED
                  20000000    00000200     --HOLE--

.data      0    20000200    00000018     UNINITIALIZED
                  20000200    0000000c     rtsv7M4_T_le_v4SPD16_eabi.lib : exit.obj (.data:$O1$$)
                  2000020c    00000008                                   : _lock.obj (.data:$O1$$)
                  20000214    00000004                                   : stkdepth_vars.obj (.data)

.bss       0    20000218    00000008     UNINITIALIZED
                  20000218    00000004     (.common:SW1)
                  2000021c    00000004     (.common:SW2)

MODULE SUMMARY

       Module                        code   ro data   rw data
       ------                        ----   -------   -------
    .\
       lm4f120h5qr_startup_ccs.obj   12     620       0      
       main.obj                      224    0         8      
    +--+-----------------------------+------+---------+---------+
       Total:                        236    620       8      
                                                             
    C:\ti\ccsv6\tools\compiler\arm_15.12.3.LTS\lib\rtsv7M4_T_le_v4SPD16_eabi.lib
       memcpy_t2.obj                 156    0         0      
       memset_t2.obj                 122    0         0      
       autoinit.obj                  112    0         0      
       copy_decompress_rle.obj       112    0         0      
       exit.obj                      84     0         12     
       boot.obj                      84     0         0      
       cpy_tbl.obj                   76     0         0      
       _lock.obj                     20     0         8      
       args_main.obj                 24     0         0      
       copy_decompress_none.obj      14     0         0      
       pre_init.obj                  4      0         0      
       stkdepth_vars.obj             0      0         4      
       mpu_init.obj                  2      0         0      
       startup.obj                   2      0         0      
    +--+-----------------------------+------+---------+---------+
       Total:                        812    0         24     
                                                             
       Stack:                        0      0         512    
       Linker Generated:             0      55        0      
    +--+-----------------------------+------+---------+---------+
       Grand Total:                  1048   675       544    


LINKER GENERATED COPY TABLES

__TI_cinit_table @ 000006b4 records: 2, size/record: 8, table size: 16
	.data: load addr=00000688, load size=00000016 bytes, run addr=20000200, run size=00000018 bytes, compression=rle
	.bss: load addr=000006a0, load size=00000009 bytes, run addr=20000218, run size=00000008 bytes, compression=rle


LINKER GENERATED HANDLER TABLE

__TI_handler_table @ 000006ac records: 2, size/record: 4, table size: 8
	index: 0, handler: __TI_decompress_rle24
	index: 1, handler: __TI_decompress_none


GLOBAL SYMBOLS: SORTED ALPHABETICALLY BY Name 

address   name                           
-------   ----                           
00000595  C$$EXIT                        
000002cf  PortF_Init                     
0000066f  ResetISR                       
UNDEFED   SHT$$INIT_ARRAY$$Base          
UNDEFED   SHT$$INIT_ARRAY$$Limit         
20000218  SW1                            
2000021c  SW2                            
20000200  __STACK_END                    
00000200  __STACK_SIZE                   
20000200  __STACK_TOP                    
000006b4  __TI_CINIT_Base                
000006c4  __TI_CINIT_Limit               
000006ac  __TI_Handler_Table_Base        
000006b4  __TI_Handler_Table_Limit       
00000465  __TI_auto_init                 
20000200  __TI_cleanup_ptr               
00000661  __TI_decompress_none           
0000067b  __TI_decompress_rle24          
20000204  __TI_dtors_ptr                 
20000208  __TI_enable_exit_profile_output
ffffffff  __TI_pprof_out_hndl            
ffffffff  __TI_prof_data_size            
ffffffff  __TI_prof_data_start           
00000000  __TI_static_base__             
000003e9  __aeabi_memclr                 
000003e9  __aeabi_memclr4                
000003e9  __aeabi_memclr8                
0000034d  __aeabi_memcpy                 
0000034d  __aeabi_memcpy4                
0000034d  __aeabi_memcpy8                
000003eb  __aeabi_memset                 
000003eb  __aeabi_memset4                
000003eb  __aeabi_memset8                
ffffffff  __binit__                      
ffffffff  __c_args__                     
00000463  __mpu_init                     
20000000  __stack                        
00000635  _args_main                     
00000541  _c_int00                       
2000020c  _lock                          
0000065b  _nop                           
00000653  _register_lock                 
0000064d  _register_unlock               
0000053f  _system_post_cinit             
00000681  _system_pre_init               
20000210  _unlock                        
00000599  abort                          
ffffffff  binit                          
000005e9  copy_in                        
000005a1  exit                           
00000000  g_pfnVectors                   
0000026d  main                           
20000214  main_func_sp                   
0000034d  memcpy                         
000003f1  memset                         


GLOBAL SYMBOLS: SORTED BY Symbol Address 

address   name                           
-------   ----                           
00000000  __TI_static_base__             
00000000  g_pfnVectors                   
00000200  __STACK_SIZE                   
0000026d  main                           
000002cf  PortF_Init                     
0000034d  __aeabi_memcpy                 
0000034d  __aeabi_memcpy4                
0000034d  __aeabi_memcpy8                
0000034d  memcpy                         
000003e9  __aeabi_memclr                 
000003e9  __aeabi_memclr4                
000003e9  __aeabi_memclr8                
000003eb  __aeabi_memset                 
000003eb  __aeabi_memset4                
000003eb  __aeabi_memset8                
000003f1  memset                         
00000463  __mpu_init                     
00000465  __TI_auto_init                 
0000053f  _system_post_cinit             
00000541  _c_int00                       
00000595  C$$EXIT                        
00000599  abort                          
000005a1  exit                           
000005e9  copy_in                        
00000635  _args_main                     
0000064d  _register_unlock               
00000653  _register_lock                 
0000065b  _nop                           
00000661  __TI_decompress_none           
0000066f  ResetISR                       
0000067b  __TI_decompress_rle24          
00000681  _system_pre_init               
000006ac  __TI_Handler_Table_Base        
000006b4  __TI_CINIT_Base                
000006b4  __TI_Handler_Table_Limit       
000006c4  __TI_CINIT_Limit               
20000000  __stack                        
20000200  __STACK_END                    
20000200  __STACK_TOP                    
20000200  __TI_cleanup_ptr               
20000204  __TI_dtors_ptr                 
20000208  __TI_enable_exit_profile_output
2000020c  _lock                          
20000210  _unlock                        
20000214  main_func_sp                   
20000218  SW1                            
2000021c  SW2                            
ffffffff  __TI_pprof_out_hndl            
ffffffff  __TI_prof_data_size            
ffffffff  __TI_prof_data_start           
ffffffff  __binit__                      
ffffffff  __c_args__                     
ffffffff  binit                          
UNDEFED   SHT$$INIT_ARRAY$$Base          
UNDEFED   SHT$$INIT_ARRAY$$Limit         

[55 symbols]
